
Servicedata V1.0 PLC:\DEBUG\Pcin0_1.service.trace created 03.06.2021 11:37:44 (local time)
hostname: hu, Software: 606421 04, built: 08.10.2014 08:59
-------------------------------------------------------------------------------------------
                    ms   pcin1_0
03.06.2021 11:23:59.774  00844000
03.06.2021 11:29:14.300  00844400
03.06.2021 11:29:14.498  00844000
03.06.2021 11:30:12.909  00844400
03.06.2021 11:30:12.999  0084c000
03.06.2021 11:30:22.647  00844000
03.06.2021 11:30:23.817  00844400
03.06.2021 11:30:23.889  0084c000
03.06.2021 11:30:33.663  00844000
03.06.2021 11:30:48.873  00844400
03.06.2021 11:30:49.071  00844000
03.06.2021 11:31:15.819  00844400
03.06.2021 11:31:16.017  00844000
03.06.2021 11:31:26.169  00844400
03.06.2021 11:31:26.349  00844000
03.06.2021 11:31:31.749  00844400
03.06.2021 11:31:31.947  00844000
03.06.2021 11:31:36.213  00844400
03.06.2021 11:31:36.429  00844000
03.06.2021 11:31:43.306  00844400
03.06.2021 11:31:43.522  00844000
03.06.2021 11:33:40.361  01244000
03.06.2021 11:33:40.469  00244000
03.06.2021 11:33:44.087  00444000
03.06.2021 11:33:48.173  00844000
03.06.2021 11:33:51.755  00844400
03.06.2021 11:33:52.025  00844000
03.06.2021 11:33:57.425  0084c000
03.06.2021 11:34:14.723  00844000
03.06.2021 11:34:20.321  0084c000
03.06.2021 11:34:28.601  00844000
03.06.2021 11:34:28.799  0084c000
03.06.2021 11:34:31.967  00844000
03.06.2021 11:36:49.021  0084c000
03.06.2021 11:37:09.955  00844000
03.06.2021 11:37:25.039  00844400
03.06.2021 11:37:25.111  0084c000
03.06.2021 11:37:36.973  00844000
03.06.2021 11:37:44.209  80844000
03.06.2021 11:37:44.227  80000000

Servicedata V1.0 PLC:\DEBUG\Pcin0_1.service.trace created 03.06.2021 11:48:39 (local time)
hostname: hu, Software: 606421 04, built: 08.10.2014 08:59
-------------------------------------------------------------------------------------------
                    ms   pcin1_0
03.06.2021 11:40:24.996  00844000
03.06.2021 11:40:29.973  00844400
03.06.2021 11:40:30.261  00844000
03.06.2021 11:40:59.710  00844400
03.06.2021 11:40:59.728  00844000
03.06.2021 11:41:00.484  00844400
03.06.2021 11:41:00.502  00844000
03.06.2021 11:41:28.438  00844400
03.06.2021 11:41:28.654  00844000
03.06.2021 11:41:29.392  00844400
03.06.2021 11:41:29.464  00804400
03.06.2021 11:41:29.590  00804000
03.06.2021 11:41:37.906  00844000
03.06.2021 11:42:12.034  00844400
03.06.2021 11:42:12.178  00804400
03.06.2021 11:42:12.268  00804000
03.06.2021 11:42:19.325  00844000
03.06.2021 11:42:55.523  00844400
03.06.2021 11:42:55.721  00844000
03.06.2021 11:42:56.207  00804000
03.06.2021 11:42:56.477  00804400
03.06.2021 11:42:56.585  00804000
03.06.2021 11:43:04.613  00844000
03.06.2021 11:44:19.134  00844400
03.06.2021 11:44:19.350  00844000
03.06.2021 11:44:29.898  0084c000
03.06.2021 11:44:34.524  00844000
03.06.2021 11:44:48.366  0084c000
03.06.2021 11:45:01.272  00844000
03.06.2021 11:45:02.244  0084c000
03.06.2021 11:45:03.126  00844400
03.06.2021 11:45:03.270  00844000
03.06.2021 11:45:03.936  00844400
03.06.2021 11:45:04.098  00844000
03.06.2021 11:45:04.152  00804000
03.06.2021 11:45:13.350  00844000
03.06.2021 11:45:50.089  00844400
03.06.2021 11:45:50.251  00844000
03.06.2021 11:45:50.989  00844400
03.06.2021 11:45:51.169  00844000
03.06.2021 11:45:51.709  00844400
03.06.2021 11:45:51.925  00844000
03.06.2021 11:45:52.195  00804000
03.06.2021 11:46:01.393  00844000
03.06.2021 11:46:12.193  00844400
03.06.2021 11:46:12.355  00804400
03.06.2021 11:46:12.481  00804000
03.06.2021 11:46:19.519  00844000
03.06.2021 11:46:47.707  00844400
03.06.2021 11:46:47.869  00804400
03.06.2021 11:46:47.941  00804000
03.06.2021 11:46:56.293  00844000
03.06.2021 11:47:25.184  0084c000
03.06.2021 11:47:35.300  00844000
03.06.2021 11:47:49.790  00844400
03.06.2021 11:47:49.988  00844000
03.06.2021 11:47:51.914  00844400
03.06.2021 11:47:51.986  00804400
03.06.2021 11:47:52.166  00804000
03.06.2021 11:48:00.392  00844000
03.06.2021 11:48:39.183  80844000
03.06.2021 11:48:39.201  80000000

Servicedata V1.0 PLC:\DEBUG\Pcin0_1.service.trace created 03.06.2021 18:48:42 (local time)
hostname: hu, Software: 606421 04, built: 08.10.2014 08:59
-------------------------------------------------------------------------------------------
                    ms   pcin1_0
03.06.2021 18:46:44.294  00844000
03.06.2021 18:46:51.602  00844400
03.06.2021 18:46:51.854  00844000
03.06.2021 18:46:52.286  00844400
03.06.2021 18:46:52.304  00844000
03.06.2021 18:46:52.880  00844400
03.06.2021 18:46:52.898  00844000
03.06.2021 18:47:38.618  00844400
03.06.2021 18:47:38.834  00804400
03.06.2021 18:47:38.888  00804000
03.06.2021 18:47:47.294  00844000
03.06.2021 18:47:47.654  01244000
03.06.2021 18:47:47.744  00244000
03.06.2021 18:47:56.276  0024c000
03.06.2021 18:47:56.582  00244000
03.06.2021 18:47:58.202  00844000
03.06.2021 18:48:09.669  0084a000
03.06.2021 18:48:42.501  8084a000
03.06.2021 18:48:42.519  80002000

Servicedata V1.0 PLC:\DEBUG\Pcin0_1.service.trace created 03.06.2021 20:29:55 (local time)
hostname: hu, Software: 606421 04, built: 08.10.2014 08:59
-------------------------------------------------------------------------------------------
                    ms   pcin1_0
03.06.2021 19:19:49.247  00844000
03.06.2021 19:19:56.228  00844400
03.06.2021 19:19:56.534  00844000
03.06.2021 19:19:57.326  00844400
03.06.2021 19:19:57.344  00844000
03.06.2021 19:19:58.244  00844400
03.06.2021 19:19:58.262  00844000
03.06.2021 19:21:29.379  0084a000
03.06.2021 19:38:20.900  00844000
03.06.2021 19:39:00.698  00844100
03.06.2021 19:39:04.496  00844000
03.06.2021 19:39:04.550  00844100
03.06.2021 19:39:06.080  00844000
03.06.2021 19:39:06.116  00844100
03.06.2021 19:39:07.502  00844000
03.06.2021 19:39:36.159  0084a000
03.06.2021 20:04:14.406  00844000
03.06.2021 20:08:58.935  0084a000
03.06.2021 20:27:57.484  00844000
03.06.2021 20:28:20.272  0084a000
03.06.2021 20:28:41.926  00844000
03.06.2021 20:29:12.184  0084a000

Servicedata V1.0 PLC:\DEBUG\Pcin0_1.service.trace created 03.06.2021 21:38:07 (local time)
hostname: hu, Software: 606421 04, built: 08.10.2014 08:59
-------------------------------------------------------------------------------------------
                    ms   pcin1_0
03.06.2021 20:31:30.093  00844000
03.06.2021 20:31:41.625  00844400
03.06.2021 20:31:41.823  00844000
03.06.2021 20:31:46.845  00844400
03.06.2021 20:31:46.863  00844000
03.06.2021 20:31:48.339  00844400
03.06.2021 20:31:48.357  00844000
03.06.2021 20:52:37.049  0084a000
03.06.2021 20:58:35.180  00844000
03.06.2021 21:16:33.140  0084a000
03.06.2021 21:16:42.446  00844000
03.06.2021 21:17:12.596  00844400
03.06.2021 21:17:12.848  00844000
03.06.2021 21:17:14.324  00844400
03.06.2021 21:17:14.684  00844000
03.06.2021 21:17:20.768  00844400
03.06.2021 21:17:21.020  00844000
03.06.2021 21:17:21.398  01244000
03.06.2021 21:17:21.506  00244000
03.06.2021 21:17:42.063  00844000
03.06.2021 21:17:42.603  01444000
03.06.2021 21:17:42.693  00444000
03.06.2021 21:17:44.547  00404000
03.06.2021 21:18:05.823  0040c000
03.06.2021 21:18:06.201  00404000
03.06.2021 21:18:07.281  00844000
03.06.2021 21:18:45.423  00844400
03.06.2021 21:18:45.603  00844000
03.06.2021 21:18:46.719  01244000
03.06.2021 21:18:46.827  00244000
03.06.2021 21:18:55.557  0024c000
03.06.2021 21:18:55.755  00244000
03.06.2021 21:18:56.745  00844000
03.06.2021 21:19:16.960  00844400
03.06.2021 21:19:17.176  00844000
03.06.2021 21:19:18.238  01244000
03.06.2021 21:19:18.346  00244000
03.06.2021 21:19:27.976  00244400
03.06.2021 21:19:28.156  00244000
03.06.2021 21:19:28.858  00244400
03.06.2021 21:19:29.056  00244000
03.06.2021 21:19:32.134  0024c000
03.06.2021 21:19:32.476  00244000
03.06.2021 21:19:32.656  0024c000
03.06.2021 21:19:32.944  00244000
03.06.2021 21:19:34.258  00844000
03.06.2021 21:19:49.108  00844400
03.06.2021 21:19:49.324  00844000
03.06.2021 21:19:50.404  01244000
03.06.2021 21:19:50.494  00244000
03.06.2021 21:20:26.278  0024c000
03.06.2021 21:20:26.530  00244000
03.06.2021 21:20:27.304  00844000
03.06.2021 21:20:31.318  00864000
03.06.2021 21:20:31.552  00844000
03.06.2021 21:20:32.327  00864000
03.06.2021 21:20:32.435  00844000
03.06.2021 21:20:32.777  00864000
03.06.2021 21:20:32.939  00844000
03.06.2021 21:20:34.127  02864000
03.06.2021 21:20:34.595  00844000
03.06.2021 21:20:35.117  02864000
03.06.2021 21:20:35.351  00844000
03.06.2021 21:20:36.017  02864000
03.06.2021 21:20:36.197  00844000
03.06.2021 21:20:52.163  00844400
03.06.2021 21:20:52.379  00844000
03.06.2021 21:20:53.009  00844400
03.06.2021 21:20:53.135  00844000
03.06.2021 21:20:54.863  0084c000
03.06.2021 21:20:55.097  00844000
03.06.2021 21:20:55.439  0084c000
03.06.2021 21:20:55.601  00844000
03.06.2021 21:21:54.605  0084c000
03.06.2021 21:21:55.127  00844000
03.06.2021 21:21:55.505  0084c000
03.06.2021 21:21:55.757  00844000
03.06.2021 21:22:01.751  0084c000
03.06.2021 21:22:02.057  00844000
03.06.2021 21:23:09.594  00844400
03.06.2021 21:23:09.792  00804000
03.06.2021 21:23:18.558  00844000
03.06.2021 21:23:29.358  0084c000
03.06.2021 21:23:54.073  00844000
03.06.2021 21:23:56.287  0084c000
03.06.2021 21:23:57.007  00844400
03.06.2021 21:23:57.223  00844000
03.06.2021 21:24:00.427  00844400
03.06.2021 21:24:00.535  01244400
03.06.2021 21:24:00.571  01244000
03.06.2021 21:24:00.625  00244000
03.06.2021 21:24:24.403  0024c000
03.06.2021 21:24:24.637  00244000
03.06.2021 21:24:25.249  0024c000
03.06.2021 21:24:25.537  00244000
03.06.2021 21:24:25.897  00844000
03.06.2021 21:24:56.875  0084a000
03.06.2021 21:38:06.814  8084a000
03.06.2021 21:38:06.832  80002000

Servicedata V1.0 PLC:\DEBUG\Pcin0_1.service.trace created 03.06.2021 22:50:53 (local time)
hostname: hu, Software: 606421 04, built: 08.10.2014 08:59
-------------------------------------------------------------------------------------------
                    ms   pcin1_0
03.06.2021 22:21:30.162  0084c000
03.06.2021 22:21:32.817  00844000
03.06.2021 22:21:38.685  00844400
03.06.2021 22:21:38.883  00844000
03.06.2021 22:21:39.315  00844400
03.06.2021 22:21:39.333  00844000
03.06.2021 22:21:39.837  00844400
03.06.2021 22:21:39.855  00844000
03.06.2021 22:22:24.351  00844400
03.06.2021 22:22:24.459  00844000
03.06.2021 22:22:36.447  0084c000
03.06.2021 22:22:41.667  00844000
03.06.2021 22:22:43.179  0084c000
03.06.2021 22:22:43.971  00844400
03.06.2021 22:22:44.151  00844000
03.06.2021 22:22:44.997  00844400
03.06.2021 22:22:45.159  00844000
03.06.2021 22:22:45.213  00804000
03.06.2021 22:22:53.655  00844000
03.06.2021 22:22:54.016  01244000
03.06.2021 22:22:54.105  00244000
03.06.2021 22:23:06.058  00844000
03.06.2021 22:23:06.616  01444000
03.06.2021 22:23:06.706  00444000
03.06.2021 22:23:08.560  00404000
03.06.2021 22:23:08.992  00804000
03.06.2021 22:24:09.202  00844000
03.06.2021 22:24:09.724  00804000
03.06.2021 22:24:14.512  00844000
03.06.2021 22:24:15.268  00804000
03.06.2021 22:24:20.038  00844000
03.06.2021 22:24:20.560  00804000
03.06.2021 22:24:25.312  00844000
03.06.2021 22:24:34.277  00844400
03.06.2021 22:24:34.367  01244400
03.06.2021 22:24:34.475  00244400
03.06.2021 22:24:34.511  00244000
03.06.2021 22:24:45.617  00844000
03.06.2021 22:24:47.831  01444000
03.06.2021 22:24:47.939  00444000
03.06.2021 22:24:49.775  00404000
03.06.2021 22:24:50.441  00804000
03.06.2021 22:24:55.085  00844000
03.06.2021 22:24:55.607  00804000
03.06.2021 22:25:00.467  00844000
03.06.2021 22:25:01.223  00804000
03.06.2021 22:25:06.065  00844000
03.06.2021 22:25:06.587  00804000
03.06.2021 22:25:11.429  00844000
03.06.2021 22:43:29.279  00844400
03.06.2021 22:43:29.495  00804400
03.06.2021 22:43:29.513  00804000
03.06.2021 22:43:40.295  00844000
03.06.2021 22:43:40.727  01244000
03.06.2021 22:43:40.817  00244000
03.06.2021 22:43:52.733  00844000
03.06.2021 22:43:58.763  00844400
03.06.2021 22:43:58.907  00804400
03.06.2021 22:43:58.943  00804000
03.06.2021 22:44:06.377  00844000
03.06.2021 22:44:06.809  01244000
03.06.2021 22:44:06.917  00244000
03.06.2021 22:44:38.003  00844000
03.06.2021 22:44:42.575  00844400
03.06.2021 22:44:42.683  00844000
03.06.2021 22:44:42.719  00804000
03.06.2021 22:44:50.190  00844000
03.06.2021 22:44:50.622  01444000
03.06.2021 22:44:50.712  00444000
03.06.2021 22:44:52.980  00404000
03.06.2021 22:44:53.556  00804000
03.06.2021 22:44:59.010  00844000
03.06.2021 22:44:59.550  00804000
03.06.2021 22:45:05.166  00844000
03.06.2021 22:45:05.796  00804000
03.06.2021 22:45:11.430  00844000
03.06.2021 22:45:11.952  00804000
03.06.2021 22:45:17.568  00844000
03.06.2021 22:45:22.104  00844400
03.06.2021 22:45:22.248  00804400
03.06.2021 22:45:22.284  00804000
03.06.2021 22:45:29.808  00844000
03.06.2021 22:45:30.240  01244000
03.06.2021 22:45:30.330  00244000
03.06.2021 22:45:45.756  00844000
03.06.2021 22:45:54.144  00844400
03.06.2021 22:45:54.288  00804000
03.06.2021 22:46:01.776  00844000
03.06.2021 22:46:02.208  01244000
03.06.2021 22:46:02.298  00244000
03.06.2021 22:46:12.954  00844000
03.06.2021 22:46:18.174  00844400
03.06.2021 22:46:18.318  00804400
03.06.2021 22:46:18.444  00804000
03.06.2021 22:46:25.861  00844000
03.06.2021 22:46:26.293  01244000
03.06.2021 22:46:26.401  00244000
03.06.2021 22:47:13.219  00844000
03.06.2021 22:49:42.243  00844400
03.06.2021 22:49:42.369  00844000
03.06.2021 22:49:42.441  00804000
03.06.2021 22:49:50.001  00844000
03.06.2021 22:49:50.433  01244000
03.06.2021 22:49:50.523  00244000
03.06.2021 22:49:58.101  00844000
03.06.2021 22:50:02.493  00844400
03.06.2021 22:50:02.637  00804400
03.06.2021 22:50:02.781  00804000
03.06.2021 22:50:10.143  00844000
03.06.2021 22:50:10.575  01244000
03.06.2021 22:50:10.683  00244000
03.06.2021 22:50:36.171  00844000
03.06.2021 22:50:40.815  0084c000
03.06.2021 22:50:41.013  00844000
03.06.2021 22:50:41.535  0084c000
03.06.2021 22:50:41.751  00844000
03.06.2021 22:50:42.975  00844400
03.06.2021 22:50:43.119  00804000
03.06.2021 22:50:43.281  0080c000
03.06.2021 22:50:43.515  00804000
03.06.2021 22:50:44.523  00844000
03.06.2021 22:50:53.253  80844000
03.06.2021 22:50:53.271  80000000

Servicedata V1.0 PLC:\DEBUG\Pcin0_1.service.trace created 04.06.2021 01:18:43 (local time)
hostname: hu, Software: 606421 04, built: 08.10.2014 08:59
-------------------------------------------------------------------------------------------
                    ms   pcin1_0
03.06.2021 22:58:48.588  0084c000
03.06.2021 22:58:56.109  00844000
03.06.2021 22:58:59.062  00844400
03.06.2021 22:58:59.260  00844000
03.06.2021 22:58:59.692  00844400
03.06.2021 22:58:59.710  00844000
03.06.2021 22:59:00.214  00844400
03.06.2021 22:59:00.232  00844000
03.06.2021 22:59:04.714  00844400
03.06.2021 22:59:05.038  00844000
03.06.2021 22:59:08.008  00844400
03.06.2021 22:59:08.278  00844000
03.06.2021 22:59:08.980  00844400
03.06.2021 22:59:09.250  00844000
03.06.2021 22:59:09.664  00844400
03.06.2021 22:59:09.916  00844000
03.06.2021 22:59:10.258  00844400
03.06.2021 22:59:10.564  00844000
03.06.2021 22:59:10.834  00844400
03.06.2021 22:59:11.050  00844000
03.06.2021 23:02:49.248  00844100
03.06.2021 23:02:50.022  00844000
03.06.2021 23:05:39.008  00844100
03.06.2021 23:05:39.116  00844000
03.06.2021 23:05:39.692  00844100
03.06.2021 23:05:40.088  00844000
03.06.2021 23:05:40.466  00844100
03.06.2021 23:05:40.736  00844000
03.06.2021 23:05:41.042  00844100
03.06.2021 23:05:41.348  00844000
03.06.2021 23:05:41.690  00844100
03.06.2021 23:05:41.834  00844000
03.06.2021 23:05:42.122  00844100
03.06.2021 23:05:42.302  00844000
03.06.2021 23:05:51.446  00844100
03.06.2021 23:05:53.084  00844000
03.06.2021 23:05:54.164  00844100
03.06.2021 23:05:54.452  00844000
03.06.2021 23:05:56.162  00844100
03.06.2021 23:05:57.548  00844000
03.06.2021 23:06:19.040  00844100
03.06.2021 23:06:19.184  00844000
03.06.2021 23:06:19.598  00844100
03.06.2021 23:06:19.976  00844000
03.06.2021 23:06:20.246  00844100
03.06.2021 23:06:20.570  00844000
03.06.2021 23:06:20.858  00844100
03.06.2021 23:06:21.380  00844000
03.06.2021 23:06:21.542  00844100
03.06.2021 23:06:24.926  00844000
03.06.2021 23:06:25.214  00844100
03.06.2021 23:06:25.880  00844000
03.06.2021 23:06:26.114  00844100
03.06.2021 23:06:26.294  00844000
03.06.2021 23:06:43.484  00844100
03.06.2021 23:06:48.650  00844000
03.06.2021 23:06:49.406  00844100
03.06.2021 23:06:49.550  00844000
03.06.2021 23:06:49.730  00844100
03.06.2021 23:06:49.802  00844000
03.06.2021 23:07:09.513  00844100
03.06.2021 23:07:17.559  00844000
03.06.2021 23:07:25.713  00844100
03.06.2021 23:07:32.931  00844000
03.06.2021 23:07:33.759  00844100
03.06.2021 23:07:41.193  00844000
03.06.2021 23:07:41.985  00844100
03.06.2021 23:07:44.181  00844000
03.06.2021 23:08:48.514  00844100
03.06.2021 23:08:54.166  00844000
03.06.2021 23:08:54.490  00844100
03.06.2021 23:09:01.024  00844000
03.06.2021 23:09:21.976  00844100
03.06.2021 23:09:29.068  00844000
03.06.2021 23:09:30.166  00844100
03.06.2021 23:09:36.556  00844000
03.06.2021 23:09:37.330  00844100
03.06.2021 23:09:37.474  00844000
03.06.2021 23:09:37.798  00844100
03.06.2021 23:09:37.888  00844000
03.06.2021 23:09:52.504  00844100
03.06.2021 23:10:02.638  00844000
03.06.2021 23:10:03.556  00844100
03.06.2021 23:10:11.746  00844000
03.06.2021 23:10:12.286  00844100
03.06.2021 23:10:13.798  00844000
03.06.2021 23:10:42.005  00844100
03.06.2021 23:10:53.939  00844000
03.06.2021 23:11:01.913  00844100
03.06.2021 23:11:03.029  00844000
03.06.2021 23:11:05.351  00844100
03.06.2021 23:11:09.041  00844000
03.06.2021 23:11:24.647  00844100
03.06.2021 23:11:28.211  00844000
03.06.2021 23:11:35.465  00844100
03.06.2021 23:11:36.041  00844000
03.06.2021 23:11:36.401  00844100
03.06.2021 23:11:40.685  00844000
03.06.2021 23:11:40.793  00844100
03.06.2021 23:11:41.675  00844000
03.06.2021 23:12:02.016  00844100
03.06.2021 23:12:06.534  00844000
03.06.2021 23:12:06.804  00844100
03.06.2021 23:12:06.984  00844000
03.06.2021 23:12:19.224  00844100
03.06.2021 23:12:24.678  00844000
03.06.2021 23:12:25.128  00844100
03.06.2021 23:12:25.344  00844000
03.06.2021 23:12:25.650  00844100
03.06.2021 23:12:25.920  00844000
03.06.2021 23:12:26.316  00844100
03.06.2021 23:12:26.946  00844000
03.06.2021 23:12:37.260  00844100
03.06.2021 23:12:45.720  00844000
03.06.2021 23:12:46.044  00844100
03.06.2021 23:12:52.902  00844000
03.06.2021 23:12:52.974  00844100
03.06.2021 23:12:53.046  00844000
03.06.2021 23:13:03.306  00844100
03.06.2021 23:13:14.160  00844000
03.06.2021 23:13:25.554  00844100
03.06.2021 23:13:26.238  00844000
03.06.2021 23:13:26.652  00844100
03.06.2021 23:13:31.044  00844000
03.06.2021 23:13:31.224  00844100
03.06.2021 23:13:37.795  00844000
03.06.2021 23:13:44.725  00844100
03.06.2021 23:13:57.127  00844000
03.06.2021 23:13:57.343  00844100
03.06.2021 23:14:06.505  00844000
03.06.2021 23:14:16.567  00844100
03.06.2021 23:14:27.691  00844000
03.06.2021 23:14:56.329  00844100
03.06.2021 23:14:57.373  00844000
03.06.2021 23:14:57.913  00844100
03.06.2021 23:15:08.677  00844000
03.06.2021 23:15:08.767  00844100
03.06.2021 23:15:09.415  00844000
03.06.2021 23:15:10.135  00844100
03.06.2021 23:15:11.305  00844000
03.06.2021 23:15:25.076  00844100
03.06.2021 23:15:36.686  00844000
03.06.2021 23:15:36.920  00844100
03.06.2021 23:15:39.566  00844000
03.06.2021 23:15:39.818  00844100
03.06.2021 23:15:42.824  00844000
03.06.2021 23:15:50.636  00844100
03.06.2021 23:15:53.228  00844000
03.06.2021 23:16:19.256  00844100
03.06.2021 23:16:21.794  00844000
03.06.2021 23:16:22.082  00844100
03.06.2021 23:16:25.826  00844000
03.06.2021 23:16:29.246  00844100
03.06.2021 23:16:30.974  00844000
03.06.2021 23:16:32.306  00844100
03.06.2021 23:16:38.138  00844000
03.06.2021 23:16:43.646  00844100
03.06.2021 23:16:51.837  00844000
03.06.2021 23:16:57.759  00844100
03.06.2021 23:16:58.821  00844000
03.06.2021 23:16:59.253  00844100
03.06.2021 23:17:15.453  00844000
03.06.2021 23:17:21.627  00844100
03.06.2021 23:17:27.531  00844000
03.06.2021 23:17:29.781  00844100
03.06.2021 23:17:33.381  00844000
03.06.2021 23:17:39.231  00844100
03.06.2021 23:17:39.573  00844000
03.06.2021 23:17:39.825  00844100
03.06.2021 23:17:43.569  00844000
03.06.2021 23:17:44.163  00844100
03.06.2021 23:17:52.029  00844000
03.06.2021 23:17:52.425  00844100
03.06.2021 23:17:52.623  00844000
03.06.2021 23:18:11.721  00844100
03.06.2021 23:18:19.101  00844000
03.06.2021 23:18:19.299  00844100
03.06.2021 23:18:21.261  00844000
03.06.2021 23:18:29.902  00844100
03.06.2021 23:18:33.484  00844000
03.06.2021 23:18:34.204  00844100
03.06.2021 23:18:39.946  00844000
03.06.2021 23:18:40.090  00844100
03.06.2021 23:18:40.306  00844000
03.06.2021 23:18:48.982  00844100
03.06.2021 23:18:54.094  00844000
03.06.2021 23:19:15.586  00844100
03.06.2021 23:19:20.932  00844000
03.06.2021 23:19:21.184  00844100
03.06.2021 23:19:21.976  00844000
03.06.2021 23:19:28.204  00844100
03.06.2021 23:19:29.068  00844000
03.06.2021 23:19:29.338  00844100
03.06.2021 23:19:31.642  00844000
03.06.2021 23:19:37.726  00844100
03.06.2021 23:19:43.432  00844000
03.06.2021 23:19:46.456  00844100
03.06.2021 23:19:53.962  00844000
03.06.2021 23:20:01.144  00844100
03.06.2021 23:20:08.471  00844000
03.06.2021 23:21:05.405  00844100
03.06.2021 23:21:08.321  00844000
03.06.2021 23:21:08.501  00844100
03.06.2021 23:21:12.875  00844000
03.06.2021 23:21:13.181  00844100
03.06.2021 23:21:14.495  00844000
03.06.2021 23:21:22.703  00844100
03.06.2021 23:21:34.997  00844000
03.06.2021 23:21:45.780  00844100
03.06.2021 23:21:52.908  00844000
03.06.2021 23:27:42.885  00844100
03.06.2021 23:27:43.713  00844000
03.06.2021 23:27:43.731  00844100
03.06.2021 23:27:44.847  00844000
03.06.2021 23:27:45.081  00844100
03.06.2021 23:27:46.035  00844000
04.06.2021 00:11:20.760  0084c000
04.06.2021 00:11:38.184  00844000
04.06.2021 00:11:48.876  00844400
04.06.2021 00:11:49.146  00844000
04.06.2021 00:12:04.069  0084c000
04.06.2021 00:12:11.089  00844000
04.06.2021 00:12:12.061  00844400
04.06.2021 00:12:12.223  00844000
04.06.2021 00:12:12.277  00804000
04.06.2021 00:12:21.493  00844000
04.06.2021 00:12:27.631  0084c000
04.06.2021 00:12:38.755  00844000
04.06.2021 00:12:42.841  0084c000
04.06.2021 00:13:07.537  00844000
04.06.2021 00:13:12.685  00844400
04.06.2021 00:13:12.901  00844000
04.06.2021 00:13:35.816  0084c000
04.06.2021 00:13:40.964  00844000
04.06.2021 00:19:20.681  0084c000
04.06.2021 00:19:29.663  00844000
04.06.2021 00:19:34.937  0084c000
04.06.2021 00:19:42.587  00844000
04.06.2021 00:19:55.565  00844400
04.06.2021 00:19:55.853  00844000
04.06.2021 00:19:58.157  00844400
04.06.2021 00:19:58.229  00804400
04.06.2021 00:19:58.499  00804000
04.06.2021 00:20:07.446  00844000
04.06.2021 00:20:23.736  0084c000
04.06.2021 00:20:31.314  00844000
04.06.2021 00:37:15.616  00844400
04.06.2021 00:37:15.778  00844000
04.06.2021 00:37:21.628  00844400
04.06.2021 00:37:21.772  00844000
04.06.2021 00:38:42.125  00844400
04.06.2021 00:38:42.305  00844000
04.06.2021 00:38:55.931  01244000
04.06.2021 00:38:56.039  00244000
04.06.2021 00:48:33.359  00844000
04.06.2021 00:50:20.370  00844400
04.06.2021 00:50:20.568  00844000
04.06.2021 00:50:31.404  00844400
04.06.2021 00:50:31.620  00844000
04.06.2021 00:51:49.435  00844400
04.06.2021 00:51:49.687  00844000
04.06.2021 00:56:49.372  00844400
04.06.2021 00:56:49.606  00844000
04.06.2021 00:56:52.612  01244000
04.06.2021 00:56:52.702  00244000
04.06.2021 01:04:26.325  00844000
04.06.2021 01:04:47.475  00844400
04.06.2021 01:04:47.565  01244400
04.06.2021 01:04:47.673  00244400
04.06.2021 01:04:47.727  00244000
04.06.2021 01:05:07.923  0024c000
04.06.2021 01:05:08.211  00244000
04.06.2021 01:05:08.481  0024c000
04.06.2021 01:05:08.661  00244000
04.06.2021 01:05:09.399  00844000
04.06.2021 01:10:04.116  00844400
04.06.2021 01:10:04.332  00844000
04.06.2021 01:10:05.754  01244000
04.06.2021 01:10:05.844  00244000
04.06.2021 01:13:45.177  00844000
04.06.2021 01:18:43.206  80844000
04.06.2021 01:18:43.224  80000000

Servicedata V1.0 PLC:\DEBUG\Pcin0_1.service.trace created 04.06.2021 02:09:25 (local time)
hostname: hu, Software: 606421 04, built: 08.10.2014 08:59
-------------------------------------------------------------------------------------------
                    ms   pcin1_0
04.06.2021 01:36:45.566  00844000
04.06.2021 01:36:48.989  00844400
04.06.2021 01:36:49.403  00844000
04.06.2021 01:36:49.655  00844400
04.06.2021 01:36:49.673  00844000
04.06.2021 01:36:50.159  00844400
04.06.2021 01:36:50.177  00844000
04.06.2021 01:37:32.783  00844400
04.06.2021 01:37:33.053  00844000
04.06.2021 01:37:33.341  01244000
04.06.2021 01:37:33.449  00244000
04.06.2021 01:38:04.589  0024c000
04.06.2021 01:38:04.931  00244000
04.06.2021 01:38:08.082  00844000
04.06.2021 01:39:14.214  00844400
04.06.2021 01:39:14.484  00844000
04.06.2021 01:39:26.472  00844400
04.06.2021 01:39:26.724  00844000
04.06.2021 01:40:26.593  00844400
04.06.2021 01:40:26.827  00844000
04.06.2021 01:40:29.455  01244000
04.06.2021 01:40:29.563  00244000
04.06.2021 01:43:35.163  0024c000
04.06.2021 01:43:35.379  00244000
04.06.2021 01:43:37.377  00844000
04.06.2021 01:43:57.123  00844400
04.06.2021 01:43:57.321  00844000
04.06.2021 01:44:13.755  0084c000
04.06.2021 01:44:14.025  00844000
04.06.2021 01:44:23.530  00844400
04.06.2021 01:44:23.710  00844000
04.06.2021 01:44:26.176  01244000
04.06.2021 01:44:26.266  00244000
04.06.2021 01:51:20.252  00844000
04.06.2021 01:51:42.356  00844400
04.06.2021 01:51:42.500  00844000
04.06.2021 01:51:42.626  01244000
04.06.2021 01:51:42.716  00244000
04.06.2021 01:58:10.926  00844000
04.06.2021 01:58:45.073  0084a000
04.06.2021 02:05:28.385  00844000
04.06.2021 02:09:00.589  0084a000
04.06.2021 02:09:24.980  8084a000
04.06.2021 02:09:24.998  80002000

Servicedata V1.0 PLC:\DEBUG\Pcin0_1.service.trace created 04.06.2021 19:41:10 (local time)
hostname: hu, Software: 606421 04, built: 08.10.2014 08:59
-------------------------------------------------------------------------------------------
                    ms   pcin1_0
04.06.2021 11:27:59.237  00844000
04.06.2021 11:30:54.637  00844400
04.06.2021 11:30:54.925  00844000
04.06.2021 11:30:55.303  00844400
04.06.2021 11:30:55.321  00844000
04.06.2021 11:30:55.735  00844400
04.06.2021 11:30:55.753  00844000
04.06.2021 11:31:49.988  00844400
04.06.2021 11:31:50.204  00844000
04.06.2021 11:31:50.888  00844400
04.06.2021 11:31:50.960  00804400
04.06.2021 11:31:51.266  00804000
04.06.2021 11:32:05.630  00844000
04.06.2021 11:32:33.548  0084c000
04.06.2021 11:32:55.527  00844000
04.06.2021 11:36:59.015  00844100
04.06.2021 11:37:02.831  00844000
04.06.2021 11:37:04.649  00844100
04.06.2021 11:37:05.621  00844000
04.06.2021 11:37:07.997  00844100
04.06.2021 11:37:10.211  00844000
04.06.2021 11:44:14.764  00844400
04.06.2021 11:44:15.070  00844000
04.06.2021 11:44:15.304  00844400
04.06.2021 11:44:15.376  00804400
04.06.2021 11:44:15.466  00804000
04.06.2021 11:44:23.404  00844000
04.06.2021 11:48:43.218  00844400
04.06.2021 11:48:43.380  00804400
04.06.2021 11:48:43.434  00804000
04.06.2021 11:48:43.939  00804400
04.06.2021 11:48:44.082  00804000
04.06.2021 11:48:45.973  00804400
04.06.2021 11:48:46.333  00804000
04.06.2021 11:49:02.209  00844000
04.06.2021 11:55:20.897  00844400
04.06.2021 11:55:21.059  00804400
04.06.2021 11:55:21.131  00804000
04.06.2021 11:55:36.593  00844000
04.06.2021 12:02:25.647  00844400
04.06.2021 12:02:25.809  00804400
04.06.2021 12:02:25.971  00804000
04.06.2021 12:02:35.925  00844000
04.06.2021 12:07:56.095  00844400
04.06.2021 12:07:56.257  00804400
04.06.2021 12:07:56.347  00804000
04.06.2021 12:08:06.085  00844000
04.06.2021 12:13:58.889  00844400
04.06.2021 12:13:59.087  00844000
04.06.2021 12:13:59.537  00844400
04.06.2021 12:13:59.699  00844000
04.06.2021 12:14:00.185  00804000
04.06.2021 12:14:14.027  00844000
04.06.2021 12:15:14.201  0084c000
04.06.2021 12:15:19.061  00844000
04.06.2021 12:22:51.064  00844400
04.06.2021 12:22:51.244  00844000
04.06.2021 12:22:51.820  00844400
04.06.2021 12:22:51.892  00804400
04.06.2021 12:22:52.036  00804000
04.06.2021 12:23:04.240  00844000
04.06.2021 12:25:39.276  00844400
04.06.2021 12:25:39.546  00844000
04.06.2021 12:25:40.104  00844400
04.06.2021 12:25:40.338  00844000
04.06.2021 12:25:52.704  0084c000
04.06.2021 12:25:57.078  00844000
04.06.2021 12:26:01.596  00844400
04.06.2021 12:26:01.812  00804000
04.06.2021 12:26:17.310  00844000
04.06.2021 12:26:38.281  0084c000
04.06.2021 12:26:43.771  00844000
04.06.2021 12:27:09.169  00844400
04.06.2021 12:27:09.421  00844000
04.06.2021 12:27:10.645  00844400
04.06.2021 12:27:10.717  00804400
04.06.2021 12:27:10.861  00804000
04.06.2021 12:27:26.179  00844000
04.06.2021 12:27:56.491  0084c000
04.06.2021 12:28:00.199  00844000
04.06.2021 12:28:41.456  0084c000
04.06.2021 12:28:46.712  00844000
04.06.2021 12:29:28.940  00844400
04.06.2021 12:29:29.174  00844000
04.06.2021 12:29:29.822  00844400
04.06.2021 12:29:29.894  00804400
04.06.2021 12:29:30.146  00804000
04.06.2021 12:29:42.225  00844000
04.06.2021 12:33:00.155  00844400
04.06.2021 12:33:00.317  00804400
04.06.2021 12:33:00.461  00804000
04.06.2021 12:33:12.593  00844000
04.06.2021 12:35:04.230  00844400
04.06.2021 12:35:04.392  00804400
04.06.2021 12:35:04.500  00804000
04.06.2021 12:35:11.502  00844000
04.06.2021 12:35:34.920  0084c000
04.06.2021 12:35:38.178  00844000
04.06.2021 12:36:45.787  00844400
04.06.2021 12:36:46.057  00844000
04.06.2021 12:36:46.435  00844400
04.06.2021 12:36:46.507  00804400
04.06.2021 12:36:46.669  00804000
04.06.2021 12:36:58.801  00844000
04.06.2021 12:37:42.470  00844400
04.06.2021 12:37:42.632  00804400
04.06.2021 12:37:42.794  00804000
04.06.2021 12:37:49.742  00844000
04.06.2021 12:38:03.080  0084c000
04.06.2021 12:38:07.850  00844000
04.06.2021 12:38:49.772  00844400
04.06.2021 12:38:50.042  00844000
04.06.2021 12:38:50.474  00844400
04.06.2021 12:38:50.546  00804400
04.06.2021 12:38:50.672  00804000
04.06.2021 12:38:57.674  00844000
04.06.2021 12:41:02.974  00844400
04.06.2021 12:41:03.136  00804400
04.06.2021 12:41:03.208  00804000
04.06.2021 12:41:11.524  00844000
04.06.2021 12:41:28.012  0084c000
04.06.2021 12:41:33.340  00844000
04.06.2021 12:41:47.038  00844400
04.06.2021 12:41:47.326  00844000
04.06.2021 12:41:47.740  00844400
04.06.2021 12:41:47.812  00804400
04.06.2021 12:41:47.974  00804000
04.06.2021 12:41:55.192  00844000
04.06.2021 12:49:15.927  00844400
04.06.2021 12:49:16.089  00804400
04.06.2021 12:49:16.215  00804000
04.06.2021 12:49:25.233  00844000
04.06.2021 12:51:11.146  0084c000
04.06.2021 12:51:20.830  00844000
04.06.2021 12:52:56.717  00844400
04.06.2021 12:52:56.951  00844000
04.06.2021 12:52:57.239  00844400
04.06.2021 12:52:57.311  00804400
04.06.2021 12:52:57.473  00804000
04.06.2021 12:53:04.619  00844000
04.06.2021 12:53:48.648  00844400
04.06.2021 12:53:48.810  00804400
04.06.2021 12:53:48.882  00804000
04.06.2021 12:53:57.990  00844000
04.06.2021 13:00:44.380  00844400
04.06.2021 13:00:44.542  00804400
04.06.2021 13:00:44.614  00804000
04.06.2021 13:00:54.856  00844000
04.06.2021 13:05:33.697  00844400
04.06.2021 13:05:33.859  00804400
04.06.2021 13:05:33.913  00804000
04.06.2021 13:05:44.173  00844000
04.06.2021 13:11:43.277  00844400
04.06.2021 13:11:43.493  00844000
04.06.2021 13:11:43.961  00844400
04.06.2021 13:11:44.123  00844000
04.06.2021 13:11:44.267  00804000
04.06.2021 13:11:54.347  00844000
04.06.2021 13:12:08.513  0084c000
04.06.2021 13:13:03.558  00844000
04.06.2021 13:13:14.664  00844400
04.06.2021 13:13:14.862  00844000
04.06.2021 13:13:15.312  00844400
04.06.2021 13:13:15.384  00804400
04.06.2021 13:13:15.474  00804000
04.06.2021 13:13:24.528  00844000
04.06.2021 13:13:33.546  00844400
04.06.2021 13:13:33.690  00804400
04.06.2021 13:13:33.798  00804000
04.06.2021 13:13:40.764  00844000
04.06.2021 13:17:22.095  00844400
04.06.2021 13:17:22.239  00844000
04.06.2021 13:17:22.257  00804000
04.06.2021 13:17:32.391  00844000
04.06.2021 13:25:57.026  00844400
04.06.2021 13:25:57.188  00844000
04.06.2021 13:25:57.836  00844400
04.06.2021 13:25:57.944  00844000
04.06.2021 13:25:58.214  00804000
04.06.2021 13:26:07.970  00844000
04.06.2021 13:26:33.477  0084c000
04.06.2021 13:26:43.071  00844000
04.06.2021 13:30:33.221  00844400
04.06.2021 13:30:33.491  00844000
04.06.2021 13:30:34.211  00844400
04.06.2021 13:30:34.283  00804400
04.06.2021 13:30:34.391  00804000
04.06.2021 13:30:44.525  00844000
04.06.2021 13:31:22.992  00844100
04.06.2021 13:31:26.916  00844000
04.06.2021 13:31:27.312  00844100
04.06.2021 13:31:29.778  00844000
04.06.2021 13:31:34.836  00844100
04.06.2021 13:31:36.006  00844000
04.06.2021 13:31:36.204  00844100
04.06.2021 13:31:37.374  00844000
04.06.2021 13:40:59.178  00844400
04.06.2021 13:40:59.340  00804400
04.06.2021 13:40:59.376  00804000
04.06.2021 13:41:11.760  00844000
04.06.2021 13:41:47.238  00844400
04.06.2021 13:41:47.400  00804400
04.06.2021 13:41:47.508  00804000
04.06.2021 13:41:58.740  00844000
04.06.2021 13:42:19.153  00844400
04.06.2021 13:42:19.333  00844000
04.06.2021 13:42:27.199  00844400
04.06.2021 13:42:27.505  00844000
04.06.2021 13:43:03.469  00844400
04.06.2021 13:43:03.631  00804400
04.06.2021 13:43:03.649  00804000
04.06.2021 13:43:13.513  00844000
04.06.2021 13:43:21.757  00844400
04.06.2021 13:43:21.973  00844000
04.06.2021 13:43:25.267  00844400
04.06.2021 13:43:25.411  00844000
04.06.2021 13:43:44.510  00844400
04.06.2021 13:43:44.672  00804400
04.06.2021 13:43:44.744  00804000
04.06.2021 13:43:54.608  00844000
04.06.2021 13:44:01.448  00844400
04.06.2021 13:44:01.592  00844000
04.06.2021 13:49:53.694  00844400
04.06.2021 13:49:53.874  00844000
04.06.2021 13:49:54.180  00804000
04.06.2021 13:50:05.646  00844000
04.06.2021 13:50:59.088  0084c000
04.06.2021 13:51:06.288  00844000
04.06.2021 13:51:57.319  00844400
04.06.2021 13:51:57.535  00844000
04.06.2021 13:54:31.364  00844400
04.06.2021 13:54:31.490  00844000
04.06.2021 13:54:32.102  00844400
04.06.2021 13:54:32.174  00804400
04.06.2021 13:54:32.246  00804000
04.06.2021 13:54:43.857  00844000
04.06.2021 14:08:08.645  00844400
04.06.2021 14:08:08.807  00804400
04.06.2021 14:08:08.933  00804000
04.06.2021 14:08:23.189  00844000
04.06.2021 14:08:44.340  00844400
04.06.2021 14:08:44.502  00844000
04.06.2021 14:08:49.488  00844400
04.06.2021 14:08:49.596  00844000
04.06.2021 14:20:26.383  00844400
04.06.2021 14:20:26.581  00844000
04.06.2021 14:20:27.175  00844400
04.06.2021 14:20:27.337  00844000
04.06.2021 14:20:31.549  01244000
04.06.2021 14:20:31.639  00244000
04.06.2021 14:25:41.728  00844000
04.06.2021 14:25:44.860  0084c000
04.06.2021 14:25:45.472  00844000
04.06.2021 14:30:05.125  00844400
04.06.2021 14:30:05.341  00804400
04.06.2021 14:30:05.413  00804000
04.06.2021 14:30:15.745  00844000
04.06.2021 14:30:16.105  01244000
04.06.2021 14:30:16.195  00244000
04.06.2021 14:30:40.405  00844000
04.06.2021 14:33:51.964  00844400
04.06.2021 14:33:52.072  01244400
04.06.2021 14:33:52.180  00244400
04.06.2021 14:33:52.216  00244000
04.06.2021 14:34:30.520  00844000
04.06.2021 14:45:16.295  00844400
04.06.2021 14:45:16.403  01244400
04.06.2021 14:45:16.493  00244000
04.06.2021 14:46:51.858  00844000
04.06.2021 14:48:31.165  00844400
04.06.2021 14:48:31.273  01244400
04.06.2021 14:48:31.327  01244000
04.06.2021 14:48:31.381  00244000
04.06.2021 14:49:28.999  00844000
04.06.2021 14:54:32.303  00844400
04.06.2021 14:54:32.411  01244400
04.06.2021 14:54:32.447  01244000
04.06.2021 14:54:32.501  00244000
04.06.2021 14:57:41.431  0024c000
04.06.2021 14:57:41.665  00244000
04.06.2021 14:57:42.205  0024c000
04.06.2021 14:57:42.421  00244000
04.06.2021 14:57:43.951  00844000
04.06.2021 14:59:48.152  0084a000
04.06.2021 15:01:42.147  00844000
04.06.2021 15:01:55.827  00844400
04.06.2021 15:01:56.025  00844000
04.06.2021 15:02:37.300  0084c000
04.06.2021 15:02:45.778  00844000
04.06.2021 15:07:47.821  0084c000
04.06.2021 15:08:06.613  00844000
04.06.2021 15:08:15.847  0084c000
04.06.2021 15:08:24.956  00844000
04.06.2021 15:08:27.710  00844400
04.06.2021 15:08:28.088  00844000
04.06.2021 15:08:28.934  00844400
04.06.2021 15:08:29.006  00804400
04.06.2021 15:08:29.114  00804000
04.06.2021 15:08:37.466  00844000
04.06.2021 15:08:40.202  0084c000
04.06.2021 15:13:17.963  00844000
04.06.2021 15:13:23.309  00844400
04.06.2021 15:13:23.471  00804400
04.06.2021 15:13:23.579  00804000
04.06.2021 15:13:30.491  00844000
04.06.2021 15:14:10.541  00844100
04.06.2021 15:14:14.105  00844000
04.06.2021 15:14:14.429  00844100
04.06.2021 15:14:15.185  00844000
04.06.2021 15:16:00.792  00844400
04.06.2021 15:16:00.954  00804400
04.06.2021 15:16:00.972  00804000
04.06.2021 15:16:11.881  00844000
04.06.2021 15:16:46.225  00844400
04.06.2021 15:16:46.351  00844000
04.06.2021 15:17:13.279  00844400
04.06.2021 15:17:13.441  00804400
04.06.2021 15:17:13.513  00804000
04.06.2021 15:17:23.197  00844000
04.06.2021 15:17:34.591  00844400
04.06.2021 15:17:34.717  00844000
04.06.2021 15:42:06.035  00844400
04.06.2021 15:42:06.197  00804400
04.06.2021 15:42:06.215  00804000
04.06.2021 15:42:16.259  00844000
04.06.2021 16:01:31.151  00844400
04.06.2021 16:01:31.259  00844000
04.06.2021 16:01:31.367  00804000
04.06.2021 16:01:39.774  00844000
04.06.2021 16:01:41.430  01244000
04.06.2021 16:01:41.520  00244000
04.06.2021 16:04:00.823  0024c000
04.06.2021 16:04:01.147  00244000
04.06.2021 16:04:03.073  00844000
04.06.2021 16:06:28.857  00844400
04.06.2021 16:06:29.073  00844000
04.06.2021 16:06:32.277  01244000
04.06.2021 16:06:32.385  00244000
04.06.2021 16:07:24.909  0024c000
04.06.2021 16:07:25.089  00244000
04.06.2021 16:07:27.609  00844000
04.06.2021 16:09:40.001  00844400
04.06.2021 16:09:40.163  00844000
04.06.2021 16:09:41.279  01244000
04.06.2021 16:09:41.387  00244000
04.06.2021 16:13:41.095  0024c000
04.06.2021 16:13:41.347  00244000
04.06.2021 16:13:42.733  00844000
04.06.2021 16:17:59.020  00844400
04.06.2021 16:17:59.182  00804400
04.06.2021 16:17:59.218  00804000
04.06.2021 16:18:07.552  00844000
04.06.2021 16:24:17.258  00844400
04.06.2021 16:24:17.438  00844000
04.06.2021 16:24:17.474  00804000
04.06.2021 16:24:32.684  00844000
04.06.2021 16:24:33.044  01244000
04.06.2021 16:24:33.134  00244000
04.06.2021 16:29:50.514  00844000
04.06.2021 16:36:28.588  00844400
04.06.2021 16:36:28.750  00844000
04.06.2021 16:36:28.804  00804000
04.06.2021 16:36:38.740  00844000
04.06.2021 16:36:39.100  01244000
04.06.2021 16:36:39.190  00244000
04.06.2021 17:06:22.541  00844000
04.06.2021 17:09:47.527  00844400
04.06.2021 17:09:47.743  00844000
04.06.2021 17:09:48.913  00844400
04.06.2021 17:09:49.201  00844000
04.06.2021 17:10:40.088  00844400
04.06.2021 17:10:40.196  01244400
04.06.2021 17:10:40.304  00244400
04.06.2021 17:10:40.358  00244000
04.06.2021 17:13:34.618  0024c000
04.06.2021 17:13:34.888  00244000
04.06.2021 17:13:35.878  00844000
04.06.2021 17:15:24.707  00844400
04.06.2021 17:15:25.085  00844000
04.06.2021 17:15:27.065  01244000
04.06.2021 17:15:27.173  00244000
04.06.2021 17:17:15.678  0024c000
04.06.2021 17:17:15.912  00244000
04.06.2021 17:17:16.794  00844000
04.06.2021 17:25:33.959  0084a000
04.06.2021 17:32:47.440  00844000
04.06.2021 17:52:53.219  00844400
04.06.2021 17:52:53.381  00804400
04.06.2021 17:52:53.507  00804000
04.06.2021 17:53:03.245  00844000
04.06.2021 17:53:38.723  00844400
04.06.2021 17:53:38.903  00844000
04.06.2021 18:14:10.620  00844400
04.06.2021 18:14:10.818  00804400
04.06.2021 18:14:10.980  00804000
04.06.2021 18:14:20.737  00844000
04.06.2021 18:14:21.097  01244000
04.06.2021 18:14:21.187  00244000
04.06.2021 18:14:23.833  0024c000
04.06.2021 18:14:24.067  0084c000
04.06.2021 18:14:58.753  00844000
04.06.2021 18:15:05.737  0084c000
04.06.2021 18:16:14.804  00844000
04.06.2021 18:16:21.788  0084c000
04.06.2021 18:16:22.202  00844000
04.06.2021 18:17:21.458  00844400
04.06.2021 18:17:21.656  00844000
04.06.2021 18:19:42.292  0084c000
04.06.2021 18:19:49.330  00844000
04.06.2021 18:19:51.454  0084c000
04.06.2021 18:22:00.857  00844000
04.06.2021 18:22:03.665  00844400
04.06.2021 18:22:03.935  00844000
04.06.2021 18:22:05.393  00844400
04.06.2021 18:22:05.465  00804400
04.06.2021 18:22:05.573  00804000
04.06.2021 18:22:12.972  00844000
04.06.2021 18:23:00.276  00844400
04.06.2021 18:23:00.438  00804400
04.06.2021 18:23:00.528  00804000
04.06.2021 18:23:07.476  00844000
04.06.2021 18:24:52.921  00844400
04.06.2021 18:24:53.083  00804400
04.06.2021 18:24:53.155  00804000
04.06.2021 18:25:01.705  00844000
04.06.2021 18:25:41.072  00844400
04.06.2021 18:25:41.216  00844000
04.06.2021 18:29:41.284  00844400
04.06.2021 18:29:41.464  00804400
04.06.2021 18:29:41.500  00804000
04.06.2021 18:29:53.578  00844000
04.06.2021 18:30:10.841  00844400
04.06.2021 18:30:11.003  00844000
04.06.2021 18:31:00.341  00844400
04.06.2021 18:31:00.503  00804400
04.06.2021 18:31:00.557  00804000
04.06.2021 18:31:10.655  00844000
04.06.2021 18:31:31.518  00844400
04.06.2021 18:31:31.590  00844000
04.06.2021 18:46:07.011  00844400
04.06.2021 18:46:07.209  00804000
04.06.2021 18:46:15.813  00844000
04.06.2021 18:46:16.173  01244000
04.06.2021 18:46:16.263  00244000
04.06.2021 18:46:18.189  0024c000
04.06.2021 18:46:18.459  0084c000
04.06.2021 18:49:00.911  0084a000
04.06.2021 18:58:04.823  0084c000
04.06.2021 18:58:10.043  00844000
04.06.2021 18:58:17.027  0084c000
04.06.2021 19:19:21.072  00844000
04.06.2021 19:19:24.600  00844400
04.06.2021 19:19:24.762  00804400
04.06.2021 19:19:24.906  00804000
04.06.2021 19:19:28.056  0080c000
04.06.2021 19:19:55.273  00804000
04.06.2021 19:20:08.701  0080c000
04.06.2021 19:20:12.031  00804000
04.06.2021 19:20:27.133  0080c000
04.06.2021 19:20:27.151  0084c000
04.06.2021 19:24:25.689  0084a000
04.06.2021 19:24:32.727  0084c000
04.06.2021 19:33:28.539  00844000
04.06.2021 19:34:35.518  0084c000
04.06.2021 19:34:36.904  00844000
04.06.2021 19:34:42.466  0084c000
04.06.2021 19:34:44.266  00844000
04.06.2021 19:35:06.154  0084c000
04.06.2021 19:35:53.819  00844000
04.06.2021 19:35:58.013  0084c000
04.06.2021 19:36:09.065  00844000
04.06.2021 19:37:02.958  0084c000
04.06.2021 19:37:11.022  00844000
04.06.2021 19:38:53.569  0084c000
04.06.2021 19:38:55.207  00844000
04.06.2021 19:39:30.667  0084c000
04.06.2021 19:39:38.335  00844000
04.06.2021 19:40:19.772  0084c000
04.06.2021 19:40:29.942  00844000
04.06.2021 19:40:58.958  0084c000
04.06.2021 19:41:09.758  8084c000
04.06.2021 19:41:09.776  80000000

Servicedata V1.0 PLC:\DEBUG\Pcin0_1.service.trace created 04.06.2021 20:03:49 (local time)
hostname: hu, Software: 606421 04, built: 08.10.2014 08:59
-------------------------------------------------------------------------------------------
                    ms   pcin1_0
04.06.2021 19:56:53.508  00844000
04.06.2021 19:56:54.375  0084c000
04.06.2021 19:57:53.722  00844000
04.06.2021 20:00:11.279  00844400
04.06.2021 20:00:11.657  00844000
04.06.2021 20:03:05.035  00844400
04.06.2021 20:03:05.125  0084c000
04.06.2021 20:03:38.299  00844000

Servicedata V1.0 PLC:\DEBUG\Pcin0_1.service.trace created 04.06.2021 20:15:05 (local time)
hostname: hu, Software: 606421 04, built: 08.10.2014 08:59
-------------------------------------------------------------------------------------------
                    ms   pcin1_0
04.06.2021 20:06:51.734  00844000
04.06.2021 20:06:58.064  00844400
04.06.2021 20:06:58.514  00844000
04.06.2021 20:06:59.306  00844400
04.06.2021 20:06:59.324  00844000
04.06.2021 20:07:00.386  00844400
04.06.2021 20:07:00.404  00844000
04.06.2021 20:07:50.877  00844400
04.06.2021 20:07:51.057  00804400
04.06.2021 20:07:51.291  00804000
04.06.2021 20:08:02.595  00844000
04.06.2021 20:08:54.867  00844400
04.06.2021 20:08:55.029  00804400
04.06.2021 20:08:55.191  00804000
04.06.2021 20:09:05.758  00844000
04.06.2021 20:09:08.404  0084c000
04.06.2021 20:09:15.136  00844000
04.06.2021 20:11:35.483  00844400
04.06.2021 20:11:35.717  00844000
04.06.2021 20:11:42.629  00844400
04.06.2021 20:11:43.007  00844000
04.06.2021 20:12:45.054  00844400
04.06.2021 20:12:45.216  00804400
04.06.2021 20:12:45.414  00804000
04.06.2021 20:12:59.004  00844000
04.06.2021 20:13:17.076  0084c000
04.06.2021 20:13:25.014  00844000
04.06.2021 20:14:01.465  00844400
04.06.2021 20:14:01.825  00844000
04.06.2021 20:14:05.443  00844400
04.06.2021 20:14:05.515  00804400
04.06.2021 20:14:05.695  00804000
04.06.2021 20:14:19.285  00844000
04.06.2021 20:15:04.807  80844000
04.06.2021 20:15:04.825  80000000

Servicedata V1.0 PLC:\DEBUG\Pcin0_1.service.trace created 05.06.2021 11:49:33 (local time)
hostname: hu, Software: 606421 04, built: 08.10.2014 08:59
-------------------------------------------------------------------------------------------
                    ms   pcin1_0
05.06.2021 11:33:07.625  00844000
05.06.2021 11:33:31.430  00844400
05.06.2021 11:33:31.682  00844000
05.06.2021 11:33:32.834  00844400
05.06.2021 11:33:32.852  00844000
05.06.2021 11:33:34.202  00844400
05.06.2021 11:33:34.220  00844000
05.06.2021 11:38:48.414  00864000
05.06.2021 11:38:48.738  00844000
05.06.2021 11:38:49.710  00864000
05.06.2021 11:38:50.736  00844000
05.06.2021 11:38:51.312  00864000
05.06.2021 11:38:51.636  00844000
05.06.2021 11:38:53.454  00864000
05.06.2021 11:38:53.796  00844000
05.06.2021 11:38:54.066  00864000
05.06.2021 11:38:54.732  00844000
05.06.2021 11:38:57.666  02864000
05.06.2021 11:38:58.440  00844000
05.06.2021 11:38:58.908  02864000
05.06.2021 11:39:00.744  00844000
05.06.2021 11:39:01.266  02864000
05.06.2021 11:39:01.644  00844000
05.06.2021 11:39:02.112  02864000
05.06.2021 11:39:02.544  00844000
05.06.2021 11:39:03.120  02864000
05.06.2021 11:39:04.182  00844000
05.06.2021 11:39:05.856  00864000
05.06.2021 11:39:06.288  00844000
05.06.2021 11:39:07.062  00864000
05.06.2021 11:39:07.386  00844000
05.06.2021 11:39:08.268  00864000
05.06.2021 11:39:08.286  00844000
05.06.2021 11:39:08.412  00864000
05.06.2021 11:39:08.790  00844000
05.06.2021 11:39:09.312  00864000
05.06.2021 11:39:10.230  00844000
05.06.2021 11:39:10.806  00864000
05.06.2021 11:39:11.292  00844000
05.06.2021 11:39:17.214  02864000
05.06.2021 11:39:17.394  00844000
05.06.2021 11:39:18.312  02864000
05.06.2021 11:39:18.582  00844000
05.06.2021 11:39:19.356  02864000
05.06.2021 11:39:19.590  00844000
05.06.2021 11:39:20.562  00864000
05.06.2021 11:39:20.742  00844000
05.06.2021 11:39:21.354  00864000
05.06.2021 11:39:21.588  00844000
05.06.2021 11:39:21.966  00864000
05.06.2021 11:39:22.038  00844000
05.06.2021 11:39:22.614  00864000
05.06.2021 11:39:22.830  00844000
05.06.2021 11:39:23.514  00864000
05.06.2021 11:39:23.694  00844000
05.06.2021 11:40:28.585  00844400
05.06.2021 11:40:28.765  00804400
05.06.2021 11:40:28.891  00804000
05.06.2021 11:40:38.683  00844000
05.06.2021 11:41:35.294  00844400
05.06.2021 11:41:35.456  00804400
05.06.2021 11:41:35.510  00804000
05.06.2021 11:41:48.632  00844000
05.06.2021 11:42:42.650  0084a000
05.06.2021 11:49:33.505  8084a000
05.06.2021 11:49:33.523  80002000

Servicedata V1.0 PLC:\DEBUG\Pcin0_1.service.trace created 05.06.2021 13:27:45 (local time)
hostname: hu, Software: 606421 04, built: 08.10.2014 08:59
-------------------------------------------------------------------------------------------
                    ms   pcin1_0
05.06.2021 13:00:57.450  00844000
05.06.2021 13:01:07.068  00844400
05.06.2021 13:01:07.356  00844000
05.06.2021 13:01:08.418  00844400
05.06.2021 13:01:08.436  00844000
05.06.2021 13:01:09.408  00844400
05.06.2021 13:01:09.426  00844000
05.06.2021 13:16:51.340  00844400
05.06.2021 13:16:51.610  00844000
05.06.2021 13:17:19.618  0084a000
05.06.2021 13:21:05.557  00844000
05.06.2021 13:24:07.214  00844400
05.06.2021 13:24:07.520  00844000
05.06.2021 13:24:34.899  00844400
05.06.2021 13:24:35.061  00844000
05.06.2021 13:27:34.073  0084a000
05.06.2021 13:27:45.395  8084a000
05.06.2021 13:27:45.413  80002000

Servicedata V1.0 PLC:\DEBUG\Pcin0_1.service.trace created 05.06.2021 20:43:50 (local time)
hostname: hu, Software: 606421 04, built: 08.10.2014 08:59
-------------------------------------------------------------------------------------------
                    ms   pcin1_0
05.06.2021 17:47:20.905  00844000
05.06.2021 17:47:32.737  00844400
05.06.2021 17:47:33.043  00844000
05.06.2021 17:47:33.439  00844400
05.06.2021 17:47:33.457  00844000
05.06.2021 17:47:33.943  00844400
05.06.2021 17:47:33.961  00844000
05.06.2021 17:56:27.307  00844400
05.06.2021 17:56:27.469  00844000
05.06.2021 17:56:27.487  00804000
05.06.2021 17:56:36.649  00844000
05.06.2021 17:57:27.500  00844400
05.06.2021 17:57:27.734  00844000
05.06.2021 17:59:26.751  00844400
05.06.2021 17:59:26.967  00844000
05.06.2021 17:59:28.245  00804000
05.06.2021 17:59:40.359  00844000
05.06.2021 18:10:40.354  00844400
05.06.2021 18:10:40.516  00804400
05.06.2021 18:10:40.606  00804000
05.06.2021 18:10:49.804  00844000
05.06.2021 18:28:25.767  00844400
05.06.2021 18:28:25.929  00804400
05.06.2021 18:28:25.983  00804000
05.06.2021 18:28:37.360  00844000
05.06.2021 18:30:11.573  00844400
05.06.2021 18:30:11.735  00804400
05.06.2021 18:30:11.789  00804000
05.06.2021 18:30:22.895  00844000
05.06.2021 18:30:33.803  00844400
05.06.2021 18:30:33.965  00804400
05.06.2021 18:30:34.055  00804000
05.06.2021 18:30:41.093  00844000
05.06.2021 18:32:43.890  00844400
05.06.2021 18:32:44.052  00804400
05.06.2021 18:32:44.106  00804000
05.06.2021 18:32:55.014  00844000
05.06.2021 18:33:18.991  00844400
05.06.2021 18:33:19.153  00804400
05.06.2021 18:33:19.207  00804000
05.06.2021 18:33:26.245  00844000
05.06.2021 18:35:26.900  00844400
05.06.2021 18:35:27.386  00844000
05.06.2021 18:35:34.532  01244000
05.06.2021 18:35:34.640  00244000
05.06.2021 18:38:10.846  00844000
05.06.2021 18:41:12.000  00844400
05.06.2021 18:41:12.108  01244400
05.06.2021 18:41:12.180  01244000
05.06.2021 18:41:12.198  00244000
05.06.2021 18:43:44.641  00844000
05.06.2021 18:45:45.188  00844400
05.06.2021 18:45:45.297  01244400
05.06.2021 18:45:45.386  01244000
05.06.2021 18:45:45.404  00244000
05.06.2021 18:54:57.002  00844000
05.06.2021 18:56:07.437  00844400
05.06.2021 18:56:07.617  00804400
05.06.2021 18:56:07.635  00804000
05.06.2021 18:56:15.105  00844000
05.06.2021 18:57:20.266  00844400
05.06.2021 18:57:20.428  00804400
05.06.2021 18:57:20.446  00804000
05.06.2021 18:57:27.520  00844000
05.06.2021 18:59:26.753  00844400
05.06.2021 18:59:26.915  00844000
05.06.2021 18:59:33.521  01244000
05.06.2021 18:59:33.629  00244000
05.06.2021 19:07:05.866  00844000
05.06.2021 19:17:54.809  00844400
05.06.2021 19:17:55.025  00804400
05.06.2021 19:17:55.043  00804000
05.06.2021 19:18:04.925  00844000
05.06.2021 19:18:05.285  01244000
05.06.2021 19:18:05.393  00244000
05.06.2021 19:18:16.769  0024c000
05.06.2021 19:18:17.003  00244000
05.06.2021 19:18:18.767  00844000
05.06.2021 19:22:44.486  00844400
05.06.2021 19:22:44.648  00804400
05.06.2021 19:22:44.666  00804000
05.06.2021 19:22:54.854  00844000
05.06.2021 19:23:11.540  00844400
05.06.2021 19:23:11.684  00804400
05.06.2021 19:23:11.738  00804000
05.06.2021 19:23:18.759  00844000
05.06.2021 19:25:47.944  00844400
05.06.2021 19:25:48.160  00844000
05.06.2021 19:25:50.446  01244000
05.06.2021 19:25:50.536  00244000
05.06.2021 19:37:54.144  00844000
05.06.2021 19:57:24.696  00844400
05.06.2021 19:57:24.804  01244400
05.06.2021 19:57:24.894  00244400
05.06.2021 19:57:24.930  00244000
05.06.2021 19:57:56.719  0024c000
05.06.2021 19:57:56.917  00244000
05.06.2021 19:57:57.871  00844000
05.06.2021 19:59:26.432  00844400
05.06.2021 19:59:26.612  00844000
05.06.2021 19:59:30.158  01244000
05.06.2021 19:59:30.248  00244000
05.06.2021 20:15:56.784  00844000
05.06.2021 20:21:32.254  00844400
05.06.2021 20:21:32.362  01244400
05.06.2021 20:21:32.416  01244000
05.06.2021 20:21:32.452  00244000
05.06.2021 20:22:33.598  0024c000
05.06.2021 20:22:33.778  00244000
05.06.2021 20:22:34.984  00844000
05.06.2021 20:26:07.567  00844400
05.06.2021 20:26:07.675  00844000
05.06.2021 20:26:08.575  01244000
05.06.2021 20:26:08.665  00244000
05.06.2021 20:29:18.135  00844000
05.06.2021 20:43:40.956  0084a000
05.06.2021 20:43:50.478  8084a000
05.06.2021 20:43:50.496  80002000

Servicedata V1.0 PLC:\DEBUG\Pcin0_1.service.trace created 06.06.2021 14:02:32 (local time)
hostname: hu, Software: 606421 04, built: 08.10.2014 08:59
-------------------------------------------------------------------------------------------
                    ms   pcin1_0
06.06.2021 12:32:14.427  0084c000
06.06.2021 12:34:47.351  00844000
06.06.2021 12:34:49.745  00844400
06.06.2021 12:34:50.069  00844000
06.06.2021 12:34:50.321  00844400
06.06.2021 12:34:50.339  00844000
06.06.2021 12:34:50.825  00844400
06.06.2021 12:34:50.843  00844000
06.06.2021 12:41:33.489  00844400
06.06.2021 12:41:33.669  00804400
06.06.2021 12:41:33.741  00804000
06.06.2021 12:41:46.053  00844000
06.06.2021 12:41:48.663  0084c000
06.06.2021 12:41:48.987  00844000
06.06.2021 12:46:02.754  00844400
06.06.2021 12:46:02.916  00804400
06.06.2021 12:46:02.970  00804000
06.06.2021 12:46:12.816  00844000
06.06.2021 12:51:24.129  00844400
06.06.2021 12:51:24.471  00844000
06.06.2021 12:51:26.127  01244000
06.06.2021 12:51:26.217  00244000
06.06.2021 12:51:26.253  00244400
06.06.2021 12:51:26.469  00244000
06.06.2021 12:51:30.105  00844000
06.06.2021 12:58:52.892  00844400
06.06.2021 12:58:53.072  00844000
06.06.2021 12:58:55.610  01244000
06.06.2021 12:58:55.718  00244000
06.06.2021 12:59:06.410  00844000
06.06.2021 13:13:40.337  00844400
06.06.2021 13:13:40.481  00844000
06.06.2021 13:13:42.713  01244000
06.06.2021 13:13:42.821  00244000
06.06.2021 13:13:51.605  00204000
06.06.2021 13:13:52.613  00804000
06.06.2021 13:13:57.437  00844000
06.06.2021 13:16:22.501  00844400
06.06.2021 13:16:22.609  00844000
06.06.2021 13:16:25.597  01244000
06.06.2021 13:16:25.705  00244000
06.06.2021 13:16:46.729  00844000
06.06.2021 13:17:57.452  00844400
06.06.2021 13:17:57.614  00844000
06.06.2021 13:18:00.152  01244000
06.06.2021 13:18:00.242  00244000
06.06.2021 13:18:03.014  00204000
06.06.2021 13:18:03.986  00804000
06.06.2021 13:18:08.792  00844000
06.06.2021 13:20:05.091  0084a000
06.06.2021 14:02:32.622  8084a000
06.06.2021 14:02:32.640  80002000

Servicedata V1.0 PLC:\DEBUG\Pcin0_1.service.trace created 07.06.2021 11:45:11 (local time)
hostname: hu, Software: 606421 04, built: 08.10.2014 08:59
-------------------------------------------------------------------------------------------
                    ms   pcin1_0
07.06.2021 10:49:25.511  00844000
07.06.2021 10:50:27.111  00844400
07.06.2021 10:50:27.381  00844000
07.06.2021 10:50:28.191  00844400
07.06.2021 10:50:28.209  00844000
07.06.2021 10:50:28.857  00844400
07.06.2021 10:50:28.875  00844000
07.06.2021 10:51:22.965  00844400
07.06.2021 10:51:23.199  00844000
07.06.2021 10:51:24.189  00804000
07.06.2021 10:51:34.989  00844000
07.06.2021 10:51:59.506  0084c000
07.06.2021 10:52:16.192  00844000
07.06.2021 10:53:42.161  00844400
07.06.2021 10:53:42.377  00844000
07.06.2021 10:53:42.737  00804000
07.06.2021 10:53:43.223  0080c000
07.06.2021 10:54:04.823  00804000
07.06.2021 10:59:31.796  00804400
07.06.2021 10:59:31.994  00804000
07.06.2021 10:59:32.678  00804400
07.06.2021 10:59:32.948  00804000
07.06.2021 10:59:45.836  00844000
07.06.2021 11:01:07.107  00844400
07.06.2021 11:01:07.323  00844000
07.06.2021 11:01:08.187  00804000
07.06.2021 11:01:15.279  00804010
07.06.2021 11:01:15.297  00844010
07.06.2021 11:01:36.790  00844410
07.06.2021 11:01:36.862  00804410
07.06.2021 11:01:37.042  00804010
07.06.2021 11:21:45.718  00804410
07.06.2021 11:21:46.024  00804010
07.06.2021 11:26:19.879  00804410
07.06.2021 11:26:20.113  00804010
07.06.2021 11:27:18.722  00804410
07.06.2021 11:27:18.938  00804010
07.06.2021 11:28:31.479  00804410
07.06.2021 11:28:31.623  00804010
07.06.2021 11:44:41.491  00804410
07.06.2021 11:44:41.545  00804400
07.06.2021 11:44:41.707  00804000
07.06.2021 11:44:51.841  00844000
07.06.2021 11:44:52.507  0084c000
07.06.2021 11:44:59.869  00844000
07.06.2021 11:45:11.677  80844000
07.06.2021 11:45:11.695  80000000

Servicedata V1.0 PLC:\DEBUG\Pcin0_1.service.trace created 07.06.2021 11:54:44 (local time)
hostname: hu, Software: 606421 04, built: 08.10.2014 08:59
-------------------------------------------------------------------------------------------
                    ms   pcin1_0
07.06.2021 11:47:57.842  00844000
07.06.2021 11:48:05.744  00844400
07.06.2021 11:48:05.906  00844000
07.06.2021 11:48:06.374  00844400
07.06.2021 11:48:06.392  00844000
07.06.2021 11:48:06.878  00844400
07.06.2021 11:48:06.896  00844000
07.06.2021 11:51:48.173  00844400
07.06.2021 11:51:48.353  00804400
07.06.2021 11:51:48.479  00804000
07.06.2021 11:52:00.683  00804010
07.06.2021 11:52:00.701  00844010
07.06.2021 11:52:03.815  0084c010
07.06.2021 11:52:05.507  00844010
07.06.2021 11:52:19.259  00844410
07.06.2021 11:52:19.331  00804410
07.06.2021 11:52:19.619  00804010
07.06.2021 11:52:32.993  0080c010
07.06.2021 11:52:33.227  00804010
07.06.2021 11:53:56.262  00804410
07.06.2021 11:53:56.478  00804010
07.06.2021 11:54:30.102  0084a010
07.06.2021 11:54:44.016  8084a010
07.06.2021 11:54:44.034  80002000

Servicedata V1.0 PLC:\DEBUG\Pcin0_1.service.trace created 07.06.2021 12:01:36 (local time)
hostname: hu, Software: 606421 04, built: 08.10.2014 08:59
-------------------------------------------------------------------------------------------
                    ms   pcin1_0
07.06.2021 11:59:06.935  00844010
07.06.2021 11:59:24.782  00844410
07.06.2021 11:59:25.016  00844010
07.06.2021 11:59:25.718  00844410
07.06.2021 11:59:25.736  00844010
07.06.2021 11:59:26.366  00844410
07.06.2021 11:59:26.384  00844010
07.06.2021 12:01:00.525  00844410
07.06.2021 12:01:00.777  00844010
07.06.2021 12:01:14.925  0084c010
07.06.2021 12:01:15.159  00844010
07.06.2021 12:01:15.717  0084c010
07.06.2021 12:01:15.951  00844010
07.06.2021 12:01:28.029  0084a010
07.06.2021 12:01:36.183  8084a010
07.06.2021 12:01:36.201  80002000

Servicedata V1.0 PLC:\DEBUG\Pcin0_1.service.trace created 07.06.2021 12:08:28 (local time)
hostname: hu, Software: 606421 04, built: 08.10.2014 08:59
-------------------------------------------------------------------------------------------
                    ms   pcin1_0
07.06.2021 12:07:04.573  00844010
07.06.2021 12:07:09.046  00844410
07.06.2021 12:07:09.352  00844010
07.06.2021 12:07:10.252  00844410
07.06.2021 12:07:10.270  00844010
07.06.2021 12:07:11.386  00844410
07.06.2021 12:07:11.404  00844010

Servicedata V1.0 PLC:\DEBUG\Pcin0_1.service.trace created 07.06.2021 12:23:33 (local time)
hostname: hu, Software: 606421 04, built: 08.10.2014 08:59
-------------------------------------------------------------------------------------------
                    ms   pcin1_0
07.06.2021 12:11:54.556  00844010
07.06.2021 12:12:07.748  00844410
07.06.2021 12:12:07.964  00844010
07.06.2021 12:12:09.836  00844410
07.06.2021 12:12:09.854  00844010
07.06.2021 12:12:11.024  00844410
07.06.2021 12:12:11.042  00844010
07.06.2021 12:13:54.741  00844410
07.06.2021 12:13:54.921  00844010
07.06.2021 12:14:19.995  00844410
07.06.2021 12:14:20.157  00844010
07.06.2021 12:20:30.907  00844410
07.06.2021 12:20:31.087  00844010
07.06.2021 12:20:44.605  0084c010
07.06.2021 12:20:44.839  00844010
07.06.2021 12:20:52.291  00844410
07.06.2021 12:20:52.363  00804410
07.06.2021 12:20:52.471  00804010
07.06.2021 12:20:59.293  0080c010
07.06.2021 12:20:59.581  00804010
07.06.2021 12:21:41.972  00804410
07.06.2021 12:21:42.188  00804010
07.06.2021 12:22:16.640  00844010
07.06.2021 12:22:32.012  00844410
07.06.2021 12:22:32.192  00844010
07.06.2021 12:23:32.907  80844010
07.06.2021 12:23:32.925  80000000

Servicedata V1.0 PLC:\DEBUG\Pcin0_1.service.trace created 07.06.2021 13:20:40 (local time)
hostname: hu, Software: 606421 04, built: 08.10.2014 08:59
-------------------------------------------------------------------------------------------
                    ms   pcin1_0
07.06.2021 12:27:09.529  00844010
07.06.2021 12:28:41.420  00844410
07.06.2021 12:28:41.600  00844010
07.06.2021 12:28:42.410  00844410
07.06.2021 12:28:42.428  00844010
07.06.2021 12:28:43.598  00844410
07.06.2021 12:28:43.616  00844010
07.06.2021 12:30:04.076  00844410
07.06.2021 12:30:04.166  00844400
07.06.2021 12:30:04.256  00844000
07.06.2021 12:30:04.274  00804000
07.06.2021 12:30:12.933  00844000
07.06.2021 12:47:00.961  00844400
07.06.2021 12:47:01.465  00844000
07.06.2021 12:47:07.981  00844400
07.06.2021 12:47:08.197  00844000
07.06.2021 12:48:13.286  00844400
07.06.2021 12:48:13.538  00844000
07.06.2021 12:49:24.261  00844400
07.06.2021 12:49:24.477  00844000
07.06.2021 12:50:05.985  00844400
07.06.2021 12:50:06.129  00844000
07.06.2021 12:50:15.525  00844400
07.06.2021 12:50:15.687  00804400
07.06.2021 12:50:15.741  00804000
07.06.2021 12:50:24.867  00844000
07.06.2021 12:50:31.815  00844400
07.06.2021 12:50:31.959  00804400
07.06.2021 12:50:32.013  00804000
07.06.2021 12:50:41.571  00844000
07.06.2021 12:50:57.016  0084c000
07.06.2021 12:51:03.280  00844000
07.06.2021 12:51:08.896  0084c000
07.06.2021 12:51:10.408  00844400
07.06.2021 12:51:10.516  00844000
07.06.2021 12:51:16.438  0084c000
07.06.2021 12:51:17.968  00844000
07.06.2021 12:51:34.078  00844400
07.06.2021 12:51:34.240  00804400
07.06.2021 12:51:34.258  00804000
07.06.2021 12:51:44.932  00804010
07.06.2021 12:51:44.950  00844010
07.06.2021 12:52:04.156  00844410
07.06.2021 12:52:04.336  00844010
07.06.2021 12:52:09.592  00844410
07.06.2021 12:52:09.808  00844010
07.06.2021 12:52:11.464  00844410
07.06.2021 12:52:11.662  00844010
07.06.2021 12:52:14.434  00844410
07.06.2021 12:52:14.650  00844010
07.06.2021 12:52:16.450  0084c010
07.06.2021 12:52:16.630  00844010
07.06.2021 12:52:20.392  00844410
07.06.2021 12:52:20.536  00844010
07.06.2021 13:06:06.655  0084a010
07.06.2021 13:16:23.378  00844010
07.06.2021 13:17:25.010  00844000
07.06.2021 13:17:25.028  00844400
07.06.2021 13:17:25.154  00844010
07.06.2021 13:17:26.594  00804010
07.06.2021 13:18:44.499  00804410
07.06.2021 13:18:44.733  00804010
07.06.2021 13:19:37.204  00804410
07.06.2021 13:19:37.384  00804010
07.06.2021 13:20:26.218  0084a010
07.06.2021 13:20:40.510  8084a010
07.06.2021 13:20:40.528  80002000

Servicedata V1.0 PLC:\DEBUG\Pcin0_1.service.trace created 07.06.2021 14:41:47 (local time)
hostname: hu, Software: 606421 04, built: 08.10.2014 08:59
-------------------------------------------------------------------------------------------
                    ms   pcin1_0
07.06.2021 13:28:52.020  00844010
07.06.2021 13:29:21.208  00844410
07.06.2021 13:29:21.406  00844010
07.06.2021 13:29:22.468  00844410
07.06.2021 13:29:22.486  00844010
07.06.2021 13:29:23.656  00844410
07.06.2021 13:29:23.674  00844010
07.06.2021 13:30:12.922  00844410
07.06.2021 13:30:12.994  00844400
07.06.2021 13:30:13.102  00804400
07.06.2021 13:30:13.138  00804000
07.06.2021 13:30:24.658  00844000
07.06.2021 13:33:33.084  00844400
07.06.2021 13:33:33.228  00844000
07.06.2021 13:33:33.246  00804000
07.06.2021 13:33:44.533  00804010
07.06.2021 13:33:44.551  00844010
07.06.2021 13:37:06.225  00844410
07.06.2021 13:37:06.279  00844400
07.06.2021 13:37:06.369  00844000
07.06.2021 13:37:06.387  00804000
07.06.2021 13:37:15.999  00844000
07.06.2021 13:39:46.480  00844400
07.06.2021 13:39:46.642  00804400
07.06.2021 13:39:46.660  00804000
07.06.2021 13:39:54.022  00804010
07.06.2021 13:39:54.040  00844010
07.06.2021 13:44:54.032  00844410
07.06.2021 13:44:54.212  00844010
07.06.2021 13:45:37.970  00804010
07.06.2021 13:45:45.944  00844010
07.06.2021 13:46:02.486  00844410
07.06.2021 13:46:02.666  00844010
07.06.2021 13:46:20.775  00804010
07.06.2021 13:46:32.655  00844010
07.06.2021 13:49:24.016  00844410
07.06.2021 13:49:24.178  00844010
07.06.2021 13:49:45.311  00804010
07.06.2021 13:50:13.373  00844010
07.06.2021 13:52:05.712  00844410
07.06.2021 13:52:05.874  00844010
07.06.2021 13:53:50.239  00844410
07.06.2021 13:53:50.455  00844010
07.06.2021 13:54:15.404  00804010
07.06.2021 13:54:49.532  00844010
07.06.2021 13:57:55.150  00844410
07.06.2021 13:57:55.330  00844010
07.06.2021 13:58:09.298  00804010
07.06.2021 13:58:41.842  00844010
07.06.2021 13:59:07.241  00844410
07.06.2021 13:59:07.511  00844010
07.06.2021 14:05:00.386  00844410
07.06.2021 14:05:00.548  00844010
07.06.2021 14:05:10.088  00844410
07.06.2021 14:05:10.286  00844010
07.06.2021 14:05:26.001  00804010
07.06.2021 14:06:03.171  00844010
07.06.2021 14:06:28.191  00844410
07.06.2021 14:06:28.353  00844010
07.06.2021 14:15:09.999  00844410
07.06.2021 14:15:10.287  00844010
07.06.2021 14:16:13.072  00844410
07.06.2021 14:16:13.270  00844010
07.06.2021 14:16:35.068  00804010
07.06.2021 14:17:02.608  00844010
07.06.2021 14:17:19.798  00844410
07.06.2021 14:17:19.996  00844010
07.06.2021 14:23:16.652  0084a010
07.06.2021 14:41:47.660  8084a010
07.06.2021 14:41:47.678  80002000

Servicedata V1.0 PLC:\DEBUG\Pcin0_1.service.trace created 07.06.2021 16:03:10 (local time)
hostname: hu, Software: 606421 04, built: 08.10.2014 08:59
-------------------------------------------------------------------------------------------
                    ms   pcin1_0
07.06.2021 15:43:48.352  00844010
07.06.2021 15:43:52.885  00844410
07.06.2021 15:43:53.245  00844010
07.06.2021 15:43:53.821  00844410
07.06.2021 15:43:53.839  00844010
07.06.2021 15:43:54.613  00844410
07.06.2021 15:43:54.631  00844010
07.06.2021 15:44:45.950  00844410
07.06.2021 15:44:46.022  00804410
07.06.2021 15:44:46.076  00804010
07.06.2021 15:45:00.350  00804410
07.06.2021 15:45:00.458  00804010
07.06.2021 15:46:30.639  00804000
07.06.2021 15:46:30.657  00804400
07.06.2021 15:46:30.819  00804010
07.06.2021 15:46:35.499  00804000
07.06.2021 15:46:35.517  00804400
07.06.2021 15:46:35.805  00804010
07.06.2021 15:46:46.875  00804000
07.06.2021 15:46:46.893  00804400
07.06.2021 15:46:47.145  00804010
07.06.2021 15:46:48.801  00804000
07.06.2021 15:46:48.819  00804400
07.06.2021 15:46:49.143  00804010
07.06.2021 15:46:50.655  00804000
07.06.2021 15:46:50.673  00804400
07.06.2021 15:46:50.979  00804010
07.06.2021 15:46:52.257  00804000
07.06.2021 15:46:52.275  00804400
07.06.2021 15:46:52.473  00804010
07.06.2021 15:49:17.212  00804000
07.06.2021 15:49:17.230  00804400
07.06.2021 15:49:17.320  00804010
07.06.2021 15:49:18.544  00804000
07.06.2021 15:49:18.562  00804400
07.06.2021 15:49:18.742  00804010
07.06.2021 15:49:20.561  00804000
07.06.2021 15:49:20.579  00804400
07.06.2021 15:49:20.795  00804010
07.06.2021 15:50:00.719  00804410
07.06.2021 15:50:00.899  00804010
07.06.2021 15:52:20.310  00804000
07.06.2021 15:52:20.328  00804400
07.06.2021 15:52:20.652  00804010
07.06.2021 15:52:21.606  00804000
07.06.2021 15:52:21.624  00804400
07.06.2021 15:52:21.894  00804010
07.06.2021 15:52:22.938  00804000
07.06.2021 15:52:22.956  00804400
07.06.2021 15:52:23.136  00804010
07.06.2021 15:52:23.604  00804000
07.06.2021 15:52:23.622  00804400
07.06.2021 15:52:23.802  00804010
07.06.2021 15:55:58.977  0080c010
07.06.2021 15:55:59.013  0084c010
07.06.2021 15:56:00.525  00844010
07.06.2021 16:02:32.695  00844000
07.06.2021 16:02:32.713  00844400
07.06.2021 16:02:33.001  00844010
07.06.2021 16:02:33.829  00844000
07.06.2021 16:02:33.847  00844400
07.06.2021 16:02:33.991  00844010
07.06.2021 16:02:34.279  00804010
07.06.2021 16:02:39.877  00804000
07.06.2021 16:02:39.895  00804400
07.06.2021 16:02:40.165  00804010

Servicedata V1.0 PLC:\DEBUG\Pcin0_1.service.trace created 07.06.2021 16:08:58 (local time)
hostname: hu, Software: 606421 04, built: 08.10.2014 08:59
-------------------------------------------------------------------------------------------
                    ms   pcin1_0
07.06.2021 16:04:47.433  00844010
07.06.2021 16:04:59.196  00844000
07.06.2021 16:04:59.214  00844400
07.06.2021 16:04:59.466  00844010
07.06.2021 16:04:59.934  00844410
07.06.2021 16:04:59.952  00844010
07.06.2021 16:05:00.744  00844410
07.06.2021 16:05:00.762  00844010
07.06.2021 16:06:49.897  00844410
07.06.2021 16:06:50.167  00844010
07.06.2021 16:08:05.588  0084a010
07.06.2021 16:08:58.131  8084a010
07.06.2021 16:08:58.149  80002000

Servicedata V1.0 PLC:\DEBUG\Pcin0_1.service.trace created 07.06.2021 17:27:10 (local time)
hostname: hu, Software: 606421 04, built: 08.10.2014 08:59
-------------------------------------------------------------------------------------------
                    ms   pcin1_0
07.06.2021 16:57:17.034  00844010
07.06.2021 17:00:51.692  00844000
07.06.2021 17:00:51.710  00844400
07.06.2021 17:00:51.890  00844010
07.06.2021 17:00:52.448  00844410
07.06.2021 17:00:52.466  00844010
07.06.2021 17:00:53.258  00844410
07.06.2021 17:00:53.276  00844010
07.06.2021 17:11:46.863  0084a010
07.06.2021 17:17:15.763  00844010
07.06.2021 17:17:25.591  00844410
07.06.2021 17:17:25.771  00844010
07.06.2021 17:27:10.021  80844010
07.06.2021 17:27:10.039  80000000

Servicedata V1.0 PLC:\DEBUG\Pcin0_1.service.trace created 07.06.2021 20:13:36 (local time)
hostname: hu, Software: 606421 04, built: 08.10.2014 08:59
-------------------------------------------------------------------------------------------
                    ms   pcin1_0
07.06.2021 17:32:52.510  00844010
07.06.2021 17:32:55.885  00844410
07.06.2021 17:32:56.047  00844010
07.06.2021 17:32:56.659  00844410
07.06.2021 17:32:56.677  00844010
07.06.2021 17:32:57.451  00844410
07.06.2021 17:32:57.469  00844010
07.06.2021 17:40:02.112  00844410
07.06.2021 17:40:02.310  00844010
07.06.2021 17:46:35.794  00844410
07.06.2021 17:46:35.974  00844010
07.06.2021 17:46:48.160  0084c010
07.06.2021 17:46:48.430  00844010
07.06.2021 17:46:48.898  00844410
07.06.2021 17:46:49.042  00844010
07.06.2021 17:46:49.636  00844410
07.06.2021 17:46:49.780  00844010
07.06.2021 17:46:50.158  0084c010
07.06.2021 17:46:50.410  00844010
07.06.2021 17:46:50.752  00844410
07.06.2021 17:46:50.878  00844010
07.06.2021 17:46:56.296  0084c010
07.06.2021 17:46:56.638  00844010
07.06.2021 17:46:56.908  0084c010
07.06.2021 17:46:57.160  00844010
07.06.2021 17:46:58.492  0084c010
07.06.2021 17:46:58.690  00844010
07.06.2021 17:47:14.512  00844410
07.06.2021 17:47:14.566  00844400
07.06.2021 17:47:14.674  00844000
07.06.2021 17:47:15.196  00844400
07.06.2021 17:47:15.268  00804400
07.06.2021 17:47:15.358  00804000
07.06.2021 17:47:25.942  00844000
07.06.2021 17:52:39.308  00844400
07.06.2021 17:52:39.560  00844000
07.06.2021 17:52:40.730  00844400
07.06.2021 17:52:40.946  00844000
07.06.2021 17:52:41.324  00844400
07.06.2021 17:52:41.486  00844000
07.06.2021 17:54:06.141  00844400
07.06.2021 17:54:06.447  00844000
07.06.2021 17:54:07.977  0084c000
07.06.2021 17:54:08.319  00844000
07.06.2021 17:54:08.823  0084c000
07.06.2021 17:54:09.075  00844000
07.06.2021 17:54:09.381  0084c000
07.06.2021 17:54:09.597  00844000
07.06.2021 17:54:10.803  0084c000
07.06.2021 17:54:11.109  00844000
07.06.2021 17:54:11.487  0084c000
07.06.2021 17:54:11.721  00844000
07.06.2021 17:54:11.937  0084c000
07.06.2021 17:54:12.099  00844000
07.06.2021 17:54:12.171  0084c000
07.06.2021 17:54:12.315  00844000
07.06.2021 17:54:12.405  0084c000
07.06.2021 17:54:12.549  00844000
07.06.2021 17:54:12.621  0084c000
07.06.2021 17:54:12.783  00844000
07.06.2021 17:54:12.819  0084c000
07.06.2021 17:54:12.999  00844000
07.06.2021 17:54:23.583  00844400
07.06.2021 17:54:23.745  00804400
07.06.2021 17:54:23.835  00804000
07.06.2021 17:54:30.927  00804010
07.06.2021 17:54:30.945  00844010
07.06.2021 17:55:05.631  00844410
07.06.2021 17:55:05.685  00844400
07.06.2021 17:55:05.793  00804400
07.06.2021 17:55:05.847  00804000
07.06.2021 17:55:18.141  00844000
07.06.2021 17:58:15.533  00844400
07.06.2021 17:58:15.785  00844000
07.06.2021 17:58:17.261  00844400
07.06.2021 17:58:17.495  00844000
07.06.2021 17:58:19.277  00844400
07.06.2021 17:58:19.943  00844000
07.06.2021 17:58:29.033  0084c000
07.06.2021 17:58:29.285  00844000
07.06.2021 17:58:39.672  00844400
07.06.2021 17:58:39.834  00804400
07.06.2021 17:58:39.852  00804000
07.06.2021 17:58:46.908  00804010
07.06.2021 17:58:46.926  00844010
07.06.2021 17:59:10.110  00844410
07.06.2021 17:59:10.146  00844400
07.06.2021 17:59:10.254  00804400
07.06.2021 17:59:10.416  00804000
07.06.2021 17:59:20.982  00844000
07.06.2021 18:00:28.789  00844400
07.06.2021 18:00:28.951  00804400
07.06.2021 18:00:29.023  00804000
07.06.2021 18:00:36.007  00804010
07.06.2021 18:00:36.025  00844010
07.06.2021 18:00:57.409  00844410
07.06.2021 18:00:57.445  00844400
07.06.2021 18:00:57.553  00804400
07.06.2021 18:00:57.697  00804000
07.06.2021 18:01:04.627  00844000
07.06.2021 18:02:32.000  00844400
07.06.2021 18:02:32.162  00804400
07.06.2021 18:02:32.342  00804000
07.06.2021 18:02:39.218  00804010
07.06.2021 18:02:39.236  00844010
07.06.2021 18:03:03.410  00844410
07.06.2021 18:03:03.446  00844400
07.06.2021 18:03:03.554  00804400
07.06.2021 18:03:03.572  00804000
07.06.2021 18:03:10.664  00844000
07.06.2021 18:04:15.465  00844400
07.06.2021 18:04:15.627  00804400
07.06.2021 18:04:15.645  00804000
07.06.2021 18:04:22.701  00804010
07.06.2021 18:04:22.719  00844010
07.06.2021 18:04:48.315  00844410
07.06.2021 18:04:48.549  00844010
07.06.2021 18:06:52.031  00844410
07.06.2021 18:06:52.229  00844010
07.06.2021 18:06:54.137  00804010
07.06.2021 18:06:54.173  00844010
07.06.2021 18:07:39.623  00844410
07.06.2021 18:07:39.677  00804410
07.06.2021 18:07:39.713  00844410
07.06.2021 18:07:39.875  00844010
07.06.2021 18:07:41.225  00844410
07.06.2021 18:07:41.279  00804410
07.06.2021 18:07:41.315  00844410
07.06.2021 18:07:41.495  00844010
07.06.2021 18:07:43.655  00844410
07.06.2021 18:07:43.709  00804410
07.06.2021 18:07:43.745  00844410
07.06.2021 18:07:43.853  00844010
07.06.2021 18:07:45.005  00844410
07.06.2021 18:07:45.059  00804410
07.06.2021 18:07:45.095  00844410
07.06.2021 18:07:45.293  00844010
07.06.2021 18:23:05.805  00844410
07.06.2021 18:23:05.913  00804410
07.06.2021 18:23:06.165  00804010
07.06.2021 18:23:34.983  0080c010
07.06.2021 18:23:35.217  00804010
07.06.2021 18:23:36.585  00844010
07.06.2021 18:26:27.875  00844410
07.06.2021 18:26:28.181  00844010
07.06.2021 18:26:31.277  0084c010
07.06.2021 18:26:31.547  00844010
07.06.2021 18:26:31.943  0084c010
07.06.2021 18:26:32.015  00844010
07.06.2021 18:26:37.487  0084c010
07.06.2021 18:26:37.703  00844010
07.06.2021 18:26:38.603  0084c010
07.06.2021 18:26:38.783  00844010
07.06.2021 18:26:39.125  0084c010
07.06.2021 18:26:39.287  00844010
07.06.2021 18:26:39.989  0084c010
07.06.2021 18:26:40.133  00844010
07.06.2021 18:26:58.008  00844410
07.06.2021 18:26:58.170  00844010
07.06.2021 18:27:06.738  00844410
07.06.2021 18:27:06.954  00844010
07.06.2021 18:27:31.992  0084c010
07.06.2021 18:27:32.226  00844010
07.06.2021 18:27:33.702  0084c010
07.06.2021 18:27:33.846  00844010
07.06.2021 18:27:34.260  0084c010
07.06.2021 18:27:34.422  00844010
07.06.2021 18:27:46.266  00844410
07.06.2021 18:27:46.320  00844400
07.06.2021 18:27:46.428  00804400
07.06.2021 18:27:46.554  00804000
07.06.2021 18:27:56.490  00844000
07.06.2021 18:30:05.732  00844400
07.06.2021 18:30:05.894  00804400
07.06.2021 18:30:05.984  00804000
07.06.2021 18:30:12.950  00804010
07.06.2021 18:30:12.968  00844010
07.06.2021 18:31:23.744  00844410
07.06.2021 18:31:23.924  00844010
07.06.2021 18:31:35.931  0084c010
07.06.2021 18:31:36.309  00844010
07.06.2021 18:31:37.623  0084c010
07.06.2021 18:31:37.803  00844010
07.06.2021 18:31:50.961  00844410
07.06.2021 18:31:51.015  00844400
07.06.2021 18:31:51.123  00804400
07.06.2021 18:31:51.213  00804000
07.06.2021 18:32:06.549  00844000
07.06.2021 18:33:53.668  00844400
07.06.2021 18:33:53.830  00804400
07.06.2021 18:33:53.902  00804000
07.06.2021 18:34:00.958  00804010
07.06.2021 18:34:00.976  00844010
07.06.2021 18:34:32.962  00844410
07.06.2021 18:34:33.178  00844010
07.06.2021 18:34:36.185  00844410
07.06.2021 18:34:36.419  00844010
07.06.2021 18:34:49.703  00844410
07.06.2021 18:34:49.757  00844400
07.06.2021 18:34:49.865  00804400
07.06.2021 18:34:49.883  00804000
07.06.2021 18:35:03.743  00844000
07.06.2021 18:35:15.425  00844400
07.06.2021 18:35:15.659  00844000
07.06.2021 18:35:18.305  00844400
07.06.2021 18:35:18.557  00844000
07.06.2021 18:35:20.933  00844400
07.06.2021 18:35:21.185  00844000
07.06.2021 18:35:34.901  00844400
07.06.2021 18:35:35.063  00804400
07.06.2021 18:35:35.117  00804000
07.06.2021 18:35:42.191  00804010
07.06.2021 18:35:42.209  00844010
07.06.2021 18:36:25.482  00844410
07.06.2021 18:36:25.536  00804410
07.06.2021 18:36:25.698  00804010
07.06.2021 18:36:41.160  0080c010
07.06.2021 18:36:41.430  00804010
07.06.2021 18:36:43.068  0080c010
07.06.2021 18:36:43.248  00804010
07.06.2021 18:36:44.076  0080c010
07.06.2021 18:36:44.310  00804010
07.06.2021 18:36:47.118  0080c010
07.06.2021 18:36:47.442  00804010
07.06.2021 18:36:48.414  00844010
07.06.2021 18:36:58.908  00844410
07.06.2021 18:36:59.052  00844010
07.06.2021 18:37:08.664  00844410
07.06.2021 18:37:08.880  00844010
07.06.2021 18:55:44.550  00864010
07.06.2021 18:55:47.736  00844010
07.06.2021 18:55:48.654  00864010
07.06.2021 18:55:51.624  00844010
07.06.2021 18:56:01.704  00864010
07.06.2021 18:56:18.264  00844010
07.06.2021 18:57:47.959  0084c010
07.06.2021 18:57:48.409  00844010
07.06.2021 18:59:46.869  00844410
07.06.2021 18:59:47.103  00844010
07.06.2021 18:59:49.407  00844410
07.06.2021 18:59:49.677  00844010
07.06.2021 18:59:50.271  00844410
07.06.2021 18:59:50.451  00844010
07.06.2021 18:59:56.121  00844410
07.06.2021 18:59:56.355  00844010
07.06.2021 18:59:57.777  00844410
07.06.2021 18:59:57.993  00844010
07.06.2021 18:59:58.731  00844410
07.06.2021 18:59:58.893  00844010
07.06.2021 18:59:59.595  00844410
07.06.2021 18:59:59.757  00844010
07.06.2021 19:00:08.865  00844410
07.06.2021 19:00:09.045  00844010
07.06.2021 19:00:10.323  00844410
07.06.2021 19:00:10.485  00844010
07.06.2021 19:00:10.935  00844410
07.06.2021 19:00:11.079  00844010
07.06.2021 19:00:11.313  00844410
07.06.2021 19:00:11.457  00844010
07.06.2021 19:00:11.601  00844410
07.06.2021 19:00:11.709  00844010
07.06.2021 19:00:11.853  00844410
07.06.2021 19:00:11.961  00844010
07.06.2021 19:00:12.087  00844410
07.06.2021 19:00:12.177  00844010
07.06.2021 19:00:12.303  00844410
07.06.2021 19:00:12.393  00844010
07.06.2021 19:00:12.537  00844410
07.06.2021 19:00:12.627  00844010
07.06.2021 19:00:12.771  00844410
07.06.2021 19:00:12.843  00844010
07.06.2021 19:00:12.987  00844410
07.06.2021 19:00:13.059  00844010
07.06.2021 19:00:13.203  00844410
07.06.2021 19:00:13.275  00844010
07.06.2021 19:04:22.128  0084a010
07.06.2021 19:06:01.651  00844010
07.06.2021 19:06:20.353  00844410
07.06.2021 19:06:20.533  00844010
07.06.2021 19:06:44.023  00804010
07.06.2021 19:07:27.367  00844010
07.06.2021 19:11:12.730  00844410
07.06.2021 19:11:12.964  00844010
07.06.2021 19:11:36.346  00804010
07.06.2021 19:12:21.329  00844010
07.06.2021 19:12:41.831  00844410
07.06.2021 19:12:42.011  00844010
07.06.2021 19:19:43.737  00844410
07.06.2021 19:19:43.971  00844010
07.06.2021 19:20:02.386  0084c010
07.06.2021 19:20:02.602  00844010
07.06.2021 19:20:14.896  00844410
07.06.2021 19:20:15.112  00844010
07.06.2021 19:20:26.596  00804010
07.06.2021 19:21:02.056  00844010
07.06.2021 19:21:20.452  00844410
07.06.2021 19:21:20.614  00844010
07.06.2021 19:22:30.779  00844410
07.06.2021 19:22:30.923  00844010
07.06.2021 19:22:55.709  00804010
07.06.2021 19:23:51.582  00844010
07.06.2021 19:24:06.432  00844410
07.06.2021 19:24:06.540  00844010
07.06.2021 19:29:05.685  00844410
07.06.2021 19:29:05.847  00844010
07.06.2021 19:31:08.177  00844410
07.06.2021 19:31:08.231  00844400
07.06.2021 19:31:08.339  00804400
07.06.2021 19:31:08.411  00804000
07.06.2021 19:31:19.031  00844000
07.06.2021 19:33:24.492  00844400
07.06.2021 19:33:24.636  00844000
07.06.2021 19:33:26.184  00804000
07.06.2021 19:33:36.120  00844000
07.06.2021 19:33:41.754  00844100
07.06.2021 19:33:42.438  00844000
07.06.2021 19:35:03.691  00844400
07.06.2021 19:35:03.853  00804400
07.06.2021 19:35:03.871  00804000
07.06.2021 19:35:12.529  00844000
07.06.2021 19:36:05.684  00844400
07.06.2021 19:36:05.792  00844000
07.06.2021 19:36:05.846  00804000
07.06.2021 19:36:15.854  00844000
07.06.2021 19:39:02.338  00844400
07.06.2021 19:39:02.500  00804400
07.06.2021 19:39:02.608  00804000
07.06.2021 19:39:12.508  00844000
07.06.2021 19:40:22.709  00844400
07.06.2021 19:40:22.871  00804400
07.06.2021 19:40:22.889  00804000
07.06.2021 19:40:35.921  00844000
07.06.2021 19:47:41.463  00844400
07.06.2021 19:47:41.661  00844000
07.06.2021 19:47:41.679  00804000
07.06.2021 19:47:50.823  00804010
07.06.2021 19:47:50.841  00844010
07.06.2021 19:48:24.970  00844410
07.06.2021 19:48:25.132  00844010
07.06.2021 19:49:30.130  00844410
07.06.2021 19:49:30.274  00844010
07.06.2021 19:49:35.423  00844410
07.06.2021 19:49:35.567  00844010
07.06.2021 19:49:58.103  00804010
07.06.2021 19:50:54.947  00844010
07.06.2021 19:50:54.965  00844000
07.06.2021 19:50:55.073  00804000
07.06.2021 19:51:02.525  00844000
07.06.2021 19:51:02.940  01244000
07.06.2021 19:51:03.029  00244000
07.06.2021 19:51:37.302  00844000
07.06.2021 19:58:55.373  00844400
07.06.2021 19:58:55.517  00844000
07.06.2021 19:59:51.497  00844400
07.06.2021 19:59:51.677  00844000
07.06.2021 19:59:56.339  00844400
07.06.2021 19:59:56.501  00844000
07.06.2021 19:59:56.555  00804000
07.06.2021 20:00:07.859  00804010
07.06.2021 20:00:07.877  00844010
07.06.2021 20:00:10.451  0084c010
07.06.2021 20:00:14.447  00844010
07.06.2021 20:00:16.697  00844410
07.06.2021 20:00:16.841  00844010
07.06.2021 20:00:21.431  0084c010
07.06.2021 20:01:17.394  00844010
07.06.2021 20:01:19.986  00844410
07.06.2021 20:01:20.112  00844010
07.06.2021 20:01:24.378  0084c010
07.06.2021 20:02:14.149  00844010
07.06.2021 20:02:18.829  00844410
07.06.2021 20:02:18.991  00844010
07.06.2021 20:02:21.133  0084c010
07.06.2021 20:03:13.441  00844010
07.06.2021 20:03:17.293  00844410
07.06.2021 20:03:17.527  00844010
07.06.2021 20:03:18.013  00804010
07.06.2021 20:03:20.425  0080c010
07.06.2021 20:03:24.403  00804010
07.06.2021 20:03:34.610  00844010
07.06.2021 20:04:32.408  00844410
07.06.2021 20:04:32.588  00844010
07.06.2021 20:04:57.266  00804010
07.06.2021 20:05:34.383  0080c010
07.06.2021 20:05:34.527  00804010
07.06.2021 20:05:40.017  00844010
07.06.2021 20:06:55.258  00844410
07.06.2021 20:06:55.474  00844010
07.06.2021 20:07:16.786  00804010
07.06.2021 20:07:25.300  0080c010
07.06.2021 20:07:25.516  00804010
07.06.2021 20:07:26.830  00844010
07.06.2021 20:08:06.358  00844410
07.06.2021 20:08:06.484  00844010
07.06.2021 20:08:24.809  00804010
07.06.2021 20:09:08.081  00804410
07.06.2021 20:09:08.261  00804010
07.06.2021 20:09:17.981  00844010
07.06.2021 20:09:17.999  00844000
07.06.2021 20:09:18.107  00804000
07.06.2021 20:09:25.577  00844000
07.06.2021 20:09:25.991  01244000
07.06.2021 20:09:26.081  00244000
07.06.2021 20:09:49.860  00844000
07.06.2021 20:10:56.604  0084a000
07.06.2021 20:13:36.320  8084a000
07.06.2021 20:13:36.338  80002000

Servicedata V1.0 PLC:\DEBUG\Pcin0_1.service.trace created 07.06.2021 22:39:26 (local time)
hostname: hu, Software: 606421 04, built: 08.10.2014 08:59
-------------------------------------------------------------------------------------------
                    ms   pcin1_0
07.06.2021 22:19:37.755  00844000
07.06.2021 22:20:51.217  00844400
07.06.2021 22:20:51.433  00844000
07.06.2021 22:20:51.883  00844400
07.06.2021 22:20:51.901  00844000
07.06.2021 22:20:52.387  00844400
07.06.2021 22:20:52.405  00844000
07.06.2021 22:21:42.662  00844400
07.06.2021 22:21:42.878  00804000
07.06.2021 22:21:51.032  00804010
07.06.2021 22:21:51.050  00844010
07.06.2021 22:22:17.402  00804010
07.06.2021 22:23:24.309  00844010
07.06.2021 22:23:24.327  00844000
07.06.2021 22:23:24.435  00804000
07.06.2021 22:23:31.905  00844000
07.06.2021 22:23:32.355  01244000
07.06.2021 22:23:32.445  00244000
07.06.2021 22:28:23.886  00844000
07.06.2021 22:28:27.774  00804000
07.06.2021 22:28:35.208  00844000
07.06.2021 22:28:35.640  01244000
07.06.2021 22:28:35.748  00244000
07.06.2021 22:29:20.821  0024c000
07.06.2021 22:29:21.091  00244000
07.06.2021 22:29:23.071  00844000
07.06.2021 22:31:55.622  00844400
07.06.2021 22:31:55.748  00844000
07.06.2021 22:31:55.838  00804000
07.06.2021 22:32:07.124  00804010
07.06.2021 22:32:07.142  00844010
07.06.2021 22:32:18.842  0084c010
07.06.2021 22:32:19.094  00844010
07.06.2021 22:32:19.904  0084c010
07.06.2021 22:32:20.156  00844010
07.06.2021 22:33:19.953  00844410
07.06.2021 22:33:20.151  00844010
07.06.2021 22:33:39.537  00804010
07.06.2021 22:34:24.718  00844010
07.06.2021 22:34:24.736  00844000
07.06.2021 22:34:24.844  00804000
07.06.2021 22:34:32.278  00844000
07.06.2021 22:34:32.710  01244000
07.06.2021 22:34:32.818  00244000
07.06.2021 22:36:54.371  00844000
07.06.2021 22:36:58.835  00804000
07.06.2021 22:37:06.270  00844000
07.06.2021 22:37:06.702  01244000
07.06.2021 22:37:06.810  00244000
07.06.2021 22:38:06.372  00844000
07.06.2021 22:39:15.979  0084a000
07.06.2021 22:39:26.131  8084a000
07.06.2021 22:39:26.149  80002000
