
Servicedata V1.0 PLC:\DEBUG\Pcin0_1.service.trace created 30.05.2021 09:43:31 (local time)
hostname: DESKTOP-2K7QD6V-606425, Software: 606425 04, built: 09.09.2020 08:33

Servicedata V1.0 PLC:\DEBUG\Pcin0_1.service.trace created 30.05.2021 10:17:33 (local time)
hostname: DESKTOP-2K7QD6V-606425, Software: 606425 04, built: 09.09.2020 08:33
-------------------------------------------------------------------------------------------
                    ms   pcin1_0
30.05.2021 09:43:41.033  00004000
30.05.2021 09:43:41.057  0104c000
30.05.2021 09:43:41.080  00844000
30.05.2021 09:47:29.810  0084c000
30.05.2021 09:47:30.650  00844400
30.05.2021 09:47:30.671  00844000
30.05.2021 09:47:35.375  0084c000
30.05.2021 09:47:36.446  00844000
30.05.2021 09:48:14.121  00844400
30.05.2021 09:48:14.141  00844000
30.05.2021 09:48:22.940  00844400
30.05.2021 09:48:22.961  00844000
30.05.2021 09:50:01.136  0084c000
30.05.2021 09:50:02.187  00844400
30.05.2021 09:50:02.207  00844000
30.05.2021 10:00:05.348  00844400
30.05.2021 10:00:05.371  00844000
30.05.2021 10:00:06.083  00844400
30.05.2021 10:00:06.104  00844000
30.05.2021 10:00:10.661  01244000
30.05.2021 10:00:10.892  00244000
30.05.2021 10:00:13.979  00844000
30.05.2021 10:00:17.171  01244000
30.05.2021 10:00:17.402  00244000
30.05.2021 10:01:12.884  00244400
30.05.2021 10:01:12.905  00244000
30.05.2021 10:01:15.257  00244400
30.05.2021 10:01:15.278  00244000
30.05.2021 10:01:24.938  00844000
30.05.2021 10:04:47.777  00844100
30.05.2021 10:09:02.528  00844000
30.05.2021 10:10:34.361  80844000
30.05.2021 10:10:34.382  80842000
30.05.2021 10:10:34.403  8084a000
30.05.2021 10:10:34.697  0084a000
30.05.2021 10:10:34.718  0084c000
30.05.2021 10:15:07.340  0084c100
30.05.2021 10:15:12.360  0084c000
30.05.2021 10:15:28.760  0086c000
30.05.2021 10:15:28.886  0084c000
30.05.2021 10:17:33.437  8084c000
30.05.2021 10:17:33.467  80002000

Servicedata V1.0 PLC:\DEBUG\Pcin0_1.service.trace created 30.05.2021 10:23:16 (local time)
hostname: DESKTOP-2K7QD6V-606425, Software: 606425 04, built: 09.09.2020 08:33
-------------------------------------------------------------------------------------------
                    ms   pcin1_0
30.05.2021 10:17:44.477  00004000
30.05.2021 10:17:44.483  0004c000
30.05.2021 10:17:44.503  00844000
30.05.2021 10:22:02.026  00844400
30.05.2021 10:22:02.047  00844000
30.05.2021 10:22:02.110  01244000
30.05.2021 10:22:02.341  00244000
30.05.2021 10:22:04.861  00244400
30.05.2021 10:22:04.882  00244000

Servicedata V1.0 PLC:\DEBUG\Pcin0_1.service.trace created 30.05.2021 10:24:56 (local time)
hostname: DESKTOP-2K7QD6V-606425, Software: 606425 04, built: 09.09.2020 08:33
-------------------------------------------------------------------------------------------
                    ms   pcin1_0
30.05.2021 10:24:39.099  00004000
30.05.2021 10:24:39.178  0004c000
30.05.2021 10:24:39.200  00844000

Servicedata V1.0 PLC:\DEBUG\Pcin0_1.service.trace created 30.05.2021 10:26:44 (local time)
hostname: DESKTOP-2K7QD6V-606425, Software: 606425 04, built: 09.09.2020 08:33
-------------------------------------------------------------------------------------------
                    ms   pcin1_0
30.05.2021 10:26:12.460  00004000
30.05.2021 10:26:12.503  0004c000
30.05.2021 10:26:12.523  00844000

Servicedata V1.0 PLC:\DEBUG\Pcin0_1.service.trace created 30.05.2021 10:33:36 (local time)
hostname: DESKTOP-2K7QD6V-606425, Software: 606425 04, built: 09.09.2020 08:33
-------------------------------------------------------------------------------------------
                    ms   pcin1_0
30.05.2021 10:28:00.940  00004000
30.05.2021 10:28:00.980  0004c000
30.05.2021 10:28:01.001  00844000
30.05.2021 10:30:52.255  0084c000
30.05.2021 10:30:52.402  00844000
30.05.2021 10:30:53.074  0084c000
30.05.2021 10:30:53.221  00844000
30.05.2021 10:30:53.767  0084c000
30.05.2021 10:30:53.914  00844000
30.05.2021 10:30:54.503  00844400
30.05.2021 10:30:54.523  00844000
30.05.2021 10:30:55.615  0084c000
30.05.2021 10:30:55.741  00844000
30.05.2021 10:32:49.982  00844400
30.05.2021 10:32:50.002  00844000
30.05.2021 10:32:50.611  0084c000
30.05.2021 10:32:50.737  00844000

Servicedata V1.0 PLC:\DEBUG\Pcin0_1.service.trace created 30.05.2021 10:37:05 (local time)
hostname: DESKTOP-2K7QD6V-606425, Software: 606425 04, built: 09.09.2020 08:33
-------------------------------------------------------------------------------------------
                    ms   pcin1_0
30.05.2021 10:36:47.780  00004000
30.05.2021 10:36:47.810  0004c000
30.05.2021 10:36:47.830  00844000
